Archive member included to satisfy reference by file (symbol)

/usr/lib/gcc/arm-none-eabi/6.3.1/../../../arm-none-eabi/lib/thumb/v7e-m/fpv4-sp/hard/libc_nano.a(lib_a-atexit.o)
                              /usr/lib/gcc/arm-none-eabi/6.3.1/../../../arm-none-eabi/lib/thumb/v7e-m/fpv4-sp/hard/crt0.o (atexit)
/usr/lib/gcc/arm-none-eabi/6.3.1/../../../arm-none-eabi/lib/thumb/v7e-m/fpv4-sp/hard/libc_nano.a(lib_a-clock.o)
                              _build/nrf52832_xxaa/aes_share.c.o (clock)
/usr/lib/gcc/arm-none-eabi/6.3.1/../../../arm-none-eabi/lib/thumb/v7e-m/fpv4-sp/hard/libc_nano.a(lib_a-exit.o)
                              /usr/lib/gcc/arm-none-eabi/6.3.1/../../../arm-none-eabi/lib/thumb/v7e-m/fpv4-sp/hard/crt0.o (exit)
/usr/lib/gcc/arm-none-eabi/6.3.1/../../../arm-none-eabi/lib/thumb/v7e-m/fpv4-sp/hard/libc_nano.a(lib_a-fini.o)
                              /usr/lib/gcc/arm-none-eabi/6.3.1/../../../arm-none-eabi/lib/thumb/v7e-m/fpv4-sp/hard/crt0.o (__libc_fini_array)
/usr/lib/gcc/arm-none-eabi/6.3.1/../../../arm-none-eabi/lib/thumb/v7e-m/fpv4-sp/hard/libc_nano.a(lib_a-fprintf.o)
                              _build/nrf52832_xxaa/common.c.o (fprintf)
/usr/lib/gcc/arm-none-eabi/6.3.1/../../../arm-none-eabi/lib/thumb/v7e-m/fpv4-sp/hard/libc_nano.a(lib_a-impure.o)
                              /usr/lib/gcc/arm-none-eabi/6.3.1/../../../arm-none-eabi/lib/thumb/v7e-m/fpv4-sp/hard/libc_nano.a(lib_a-exit.o) (_global_impure_ptr)
/usr/lib/gcc/arm-none-eabi/6.3.1/../../../arm-none-eabi/lib/thumb/v7e-m/fpv4-sp/hard/libc_nano.a(lib_a-init.o)
                              /usr/lib/gcc/arm-none-eabi/6.3.1/../../../arm-none-eabi/lib/thumb/v7e-m/fpv4-sp/hard/crt0.o (__libc_init_array)
/usr/lib/gcc/arm-none-eabi/6.3.1/../../../arm-none-eabi/lib/thumb/v7e-m/fpv4-sp/hard/libc_nano.a(lib_a-malloc.o)
                              _build/nrf52832_xxaa/aes_share.c.o (malloc)
/usr/lib/gcc/arm-none-eabi/6.3.1/../../../arm-none-eabi/lib/thumb/v7e-m/fpv4-sp/hard/libc_nano.a(lib_a-memcmp.o)
                              _build/nrf52832_xxaa/common.c.o (memcmp)
/usr/lib/gcc/arm-none-eabi/6.3.1/../../../arm-none-eabi/lib/thumb/v7e-m/fpv4-sp/hard/libc_nano.a(lib_a-memcpy.o)
                              _build/nrf52832_xxaa/nrf_memobj.c.o (memcpy)
/usr/lib/gcc/arm-none-eabi/6.3.1/../../../arm-none-eabi/lib/thumb/v7e-m/fpv4-sp/hard/libc_nano.a(lib_a-memset.o)
                              /usr/lib/gcc/arm-none-eabi/6.3.1/../../../arm-none-eabi/lib/thumb/v7e-m/fpv4-sp/hard/crt0.o (memset)
/usr/lib/gcc/arm-none-eabi/6.3.1/../../../arm-none-eabi/lib/thumb/v7e-m/fpv4-sp/hard/libc_nano.a(lib_a-nano-freer.o)
                              /usr/lib/gcc/arm-none-eabi/6.3.1/../../../arm-none-eabi/lib/thumb/v7e-m/fpv4-sp/hard/libc_nano.a(lib_a-malloc.o) (_free_r)
/usr/lib/gcc/arm-none-eabi/6.3.1/../../../arm-none-eabi/lib/thumb/v7e-m/fpv4-sp/hard/libc_nano.a(lib_a-nano-mallocr.o)
                              /usr/lib/gcc/arm-none-eabi/6.3.1/../../../arm-none-eabi/lib/thumb/v7e-m/fpv4-sp/hard/libc_nano.a(lib_a-malloc.o) (_malloc_r)
/usr/lib/gcc/arm-none-eabi/6.3.1/../../../arm-none-eabi/lib/thumb/v7e-m/fpv4-sp/hard/libc_nano.a(lib_a-nano-vfprintf.o)
                              /usr/lib/gcc/arm-none-eabi/6.3.1/../../../arm-none-eabi/lib/thumb/v7e-m/fpv4-sp/hard/libc_nano.a(lib_a-fprintf.o) (_vfprintf_r)
/usr/lib/gcc/arm-none-eabi/6.3.1/../../../arm-none-eabi/lib/thumb/v7e-m/fpv4-sp/hard/libc_nano.a(lib_a-nano-vfprintf_i.o)
                              /usr/lib/gcc/arm-none-eabi/6.3.1/../../../arm-none-eabi/lib/thumb/v7e-m/fpv4-sp/hard/libc_nano.a(lib_a-nano-vfprintf.o) (_printf_i)
/usr/lib/gcc/arm-none-eabi/6.3.1/../../../arm-none-eabi/lib/thumb/v7e-m/fpv4-sp/hard/libc_nano.a(lib_a-printf.o)
                              _build/nrf52832_xxaa/main.c.o (printf)
/usr/lib/gcc/arm-none-eabi/6.3.1/../../../arm-none-eabi/lib/thumb/v7e-m/fpv4-sp/hard/libc_nano.a(lib_a-sbrkr.o)
                              /usr/lib/gcc/arm-none-eabi/6.3.1/../../../arm-none-eabi/lib/thumb/v7e-m/fpv4-sp/hard/libc_nano.a(lib_a-nano-mallocr.o) (_sbrk_r)
/usr/lib/gcc/arm-none-eabi/6.3.1/../../../arm-none-eabi/lib/thumb/v7e-m/fpv4-sp/hard/libc_nano.a(lib_a-scanf.o)
                              _build/nrf52832_xxaa/main.c.o (scanf)
/usr/lib/gcc/arm-none-eabi/6.3.1/../../../arm-none-eabi/lib/thumb/v7e-m/fpv4-sp/hard/libc_nano.a(lib_a-timesr.o)
                              /usr/lib/gcc/arm-none-eabi/6.3.1/../../../arm-none-eabi/lib/thumb/v7e-m/fpv4-sp/hard/libc_nano.a(lib_a-clock.o) (_times_r)
/usr/lib/gcc/arm-none-eabi/6.3.1/../../../arm-none-eabi/lib/thumb/v7e-m/fpv4-sp/hard/libc_nano.a(lib_a-wbuf.o)
                              /usr/lib/gcc/arm-none-eabi/6.3.1/../../../arm-none-eabi/lib/thumb/v7e-m/fpv4-sp/hard/libc_nano.a(lib_a-nano-vfprintf.o) (__swbuf_r)
/usr/lib/gcc/arm-none-eabi/6.3.1/../../../arm-none-eabi/lib/thumb/v7e-m/fpv4-sp/hard/libc_nano.a(lib_a-wsetup.o)
[...]
Memory Configuration

Name             Origin             Length             Attributes
FLASH            0x0000000000000000 0x0000000000080000 xr
RAM              0x0000000020000000 0x0000000000010000 xrw
*default*        0x0000000000000000 0xffffffffffffffff

Linker script and memory map


.text           0x0000000000000000     0xbb34
 *(.isr_vector)
 .isr_vector    0x0000000000000000      0x200 _build/nrf52832_xxaa/gcc_startup_nrf52.S.o
                0x0000000000000000                __isr_vector
 *(.text*)
 .text          0x0000000000000200       0xa4 /usr/lib/gcc/arm-none-eabi/6.3.1/thumb/v7e-m/fpv4-sp/hard/crtbegin.o
 .text          0x00000000000002a4       0x68 /usr/lib/gcc/arm-none-eabi/6.3.1/../../../arm-none-eabi/lib/thumb/v7e-m/fpv4-sp/hard/crt0.o
                0x00000000000002a4                _mainCRTStartup
                0x00000000000002a4                _start
 .text.nrf_gpio_pin_port_decode
                0x000000000000030c       0x18 _build/nrf52832_xxaa/boards.c.o
 .text.nrf_gpio_cfg
                0x0000000000000324       0x52 _build/nrf52832_xxaa/boards.c.o
 .text.nrf_gpio_cfg_output
                0x0000000000000376       0x24 _build/nrf52832_xxaa/boards.c.o
 .text.nrf_gpio_pin_set
                0x000000000000039a       0x2a _build/nrf52832_xxaa/boards.c.o
 .text.nrf_gpio_pin_clear
                0x00000000000003c4       0x2a _build/nrf52832_xxaa/boards.c.o
 .text.nrf_gpio_pin_toggle
                0x00000000000003ee       0x46 _build/nrf52832_xxaa/boards.c.o
 .text.nrf_gpio_pin_write
                0x0000000000000434       0x26 _build/nrf52832_xxaa/boards.c.o
 .text.nrf_gpio_port_out_set
                0x000000000000045a       0x1e _build/nrf52832_xxaa/boards.c.o
 .text.nrf_gpio_port_out_clear
                0x0000000000000478       0x1e _build/nrf52832_xxaa/boards.c.o
 *fill*         0x0000000000000496        0x2 
 .text.bsp_board_led_on
                0x0000000000000498       0x24 _build/nrf52832_xxaa/boards.c.o
                0x0000000000000498                bsp_board_led_on
 .text.bsp_board_led_off
                0x00000000000004bc       0x24 _build/nrf52832_xxaa/boards.c.o
                0x00000000000004bc                bsp_board_led_off
 .text.bsp_board_leds_off
                0x00000000000004e0       0x26 _build/nrf52832_xxaa/boards.c.o
                0x00000000000004e0                bsp_board_leds_off
 *fill*         0x0000000000000506        0x2 
 .text.bsp_board_led_invert
                0x0000000000000508       0x24 _build/nrf52832_xxaa/boards.c.o
                0x0000000000000508                bsp_board_led_invert
 .text.bsp_board_leds_init
                0x000000000000052c       0x38 _build/nrf52832_xxaa/boards.c.o
                0x000000000000052c                bsp_board_leds_init
 .text.app_error_handler_bare
                0x0000000000000564       0x2c _build/nrf52832_xxaa/app_error.c.o
                0x0000000000000564                app_error_handler_bare
 .text.NVIC_SystemReset
                0x0000000000000590       0x28 _build/nrf52832_xxaa/app_error_weak.c.o
 .text.app_error_fault_handler
                0x00000000000005b8       0x2c _build/nrf52832_xxaa/app_error_weak.c.o
                0x00000000000005b8                app_error_fault_handler
 .text.fifo_length
                0x00000000000005e4       0x22 _build/nrf52832_xxaa/app_fifo.c.o
 .text.fifo_put
                0x0000000000000606       0x36 _build/nrf52832_xxaa/app_fifo.c.o
 .text.fifo_peek
                0x000000000000063c       0x34 _build/nrf52832_xxaa/app_fifo.c.o
 .text.fifo_get
                0x0000000000000670       0x26 _build/nrf52832_xxaa/app_fifo.c.o
 .text.app_fifo_init
                0x0000000000000696       0x58 _build/nrf52832_xxaa/app_fifo.c.o
                0x0000000000000696                app_fifo_init
 .text.app_fifo_put
                0x00000000000006ee       0x34 _build/nrf52832_xxaa/app_fifo.c.o
                0x00000000000006ee                app_fifo_put
 .text.app_fifo_get
                0x0000000000000722       0x2c _build/nrf52832_xxaa/app_fifo.c.o
                0x0000000000000722                app_fifo_get
 .text.fifo_length
                0x000000000000074e       0x22 _build/nrf52832_xxaa/app_uart_fifo.c.o
 .text.uart_event_handler
                0x0000000000000770       0xfc _build/nrf52832_xxaa/app_uart_fifo.c.o
 .text.app_uart_init
                0x000000000000086c      0x12c _build/nrf52832_xxaa/app_uart_fifo.c.o
                0x000000000000086c                app_uart_init
 .text.app_uart_get
                0x0000000000000998       0x5c _build/nrf52832_xxaa/app_uart_fifo.c.o
                0x0000000000000998                app_uart_get
 .text.app_uart_put
                0x00000000000009f4       0x60 _build/nrf52832_xxaa/app_uart_fifo.c.o
                0x00000000000009f4                app_uart_put
 .text._write   0x0000000000000a54       0x38 _build/nrf52832_xxaa/retarget.c.o
                0x0000000000000a54                _write
 .text._read    0x0000000000000a8c       0x24 _build/nrf52832_xxaa/retarget.c.o
                0x0000000000000a8c                _read
 .text.NVIC_EnableIRQ
                0x0000000000000ab0       0x34 _build/nrf52832_xxaa/nrf_drv_common.c.o
 .text.NVIC_ClearPendingIRQ
                0x0000000000000ae4       0x34 _build/nrf52832_xxaa/nrf_drv_common.c.o
 .text.NVIC_SetPriority
                0x0000000000000b18       0x54 _build/nrf52832_xxaa/nrf_drv_common.c.o
 .text.nrf_drv_common_irq_enable
                0x0000000000000b6c       0x3a _build/nrf52832_xxaa/nrf_drv_common.c.o
                0x0000000000000b6c                nrf_drv_common_irq_enable
 .text.nrf_uart_event_clear
                0x0000000000000ba6       0x2e _build/nrf52832_xxaa/nrf_drv_uart.c.o
 .text.nrf_uart_event_check
                0x0000000000000bd4       0x2a _build/nrf52832_xxaa/nrf_drv_uart.c.o
 .text.nrf_uart_int_enable
                0x0000000000000bfe       0x1e _build/nrf52832_xxaa/nrf_drv_uart.c.o
 .text.nrf_uart_int_enable_check
                0x0000000000000c1c       0x2a _build/nrf52832_xxaa/nrf_drv_uart.c.o
 .text.nrf_uart_int_disable
                0x0000000000000c46       0x1e _build/nrf52832_xxaa/nrf_drv_uart.c.o
 .text.nrf_uart_errorsrc_get_and_clear
                0x0000000000000c64       0x26 _build/nrf52832_xxaa/nrf_drv_uart.c.o
 .text.nrf_uart_enable
                0x0000000000000c8a       0x1c _build/nrf52832_xxaa/nrf_drv_uart.c.o
 .text.nrf_uart_txrx_pins_set
                0x0000000000000ca6       0x28 _build/nrf52832_xxaa/nrf_drv_uart.c.o
 .text.nrf_uart_hwfc_pins_set
                0x0000000000000cce       0x28 _build/nrf52832_xxaa/nrf_drv_uart.c.o
 .text.nrf_uart_rxd_get
                0x0000000000000cf6       0x1c _build/nrf52832_xxaa/nrf_drv_uart.c.o
 .text.nrf_uart_txd_set
                0x0000000000000d12       0x20 _build/nrf52832_xxaa/nrf_drv_uart.c.o
 .text.nrf_uart_task_trigger
                0x0000000000000d32       0x22 _build/nrf52832_xxaa/nrf_drv_uart.c.o
 .text.nrf_uart_configure
                0x0000000000000d54       0x2c _build/nrf52832_xxaa/nrf_drv_uart.c.o
 .text.nrf_uart_baudrate_set
                0x0000000000000d80       0x1e _build/nrf52832_xxaa/nrf_drv_uart.c.o
 .text.nrf_uarte_event_clear
                0x0000000000000d9e       0x2e _build/nrf52832_xxaa/nrf_drv_uart.c.o
 .text.nrf_uarte_event_check
                0x0000000000000dcc       0x2a _build/nrf52832_xxaa/nrf_drv_uart.c.o
 .text.nrf_uarte_shorts_enable
                0x0000000000000df6       0x26 _build/nrf52832_xxaa/nrf_drv_uart.c.o
 .text.nrf_uarte_shorts_disable
                0x0000000000000e1c       0x28 _build/nrf52832_xxaa/nrf_drv_uart.c.o
 .text.nrf_uarte_int_enable
                0x0000000000000e44       0x1e _build/nrf52832_xxaa/nrf_drv_uart.c.o
 .text.nrf_uarte_int_disable
                0x0000000000000e62       0x1e _build/nrf52832_xxaa/nrf_drv_uart.c.o
 .text.nrf_uarte_errorsrc_get_and_clear
                0x0000000000000e80       0x26 _build/nrf52832_xxaa/nrf_drv_uart.c.o
 .text.nrf_uarte_enable
                0x0000000000000ea6       0x1c _build/nrf52832_xxaa/nrf_drv_uart.c.o
 .text.nrf_uarte_txrx_pins_set
                0x0000000000000ec2       0x28 _build/nrf52832_xxaa/nrf_drv_uart.c.o
 .text.nrf_uarte_hwfc_pins_set
                0x0000000000000eea       0x28 _build/nrf52832_xxaa/nrf_drv_uart.c.o
 .text.nrf_uarte_task_trigger
                0x0000000000000f12       0x22 _build/nrf52832_xxaa/nrf_drv_uart.c.o
 .text.nrf_uarte_configure
                0x0000000000000f34       0x2c _build/nrf52832_xxaa/nrf_drv_uart.c.o
 .text.nrf_uarte_baudrate_set
                0x0000000000000f60       0x1e _build/nrf52832_xxaa/nrf_drv_uart.c.o
 .text.nrf_uarte_tx_buffer_set
                0x0000000000000f7e       0x2a _build/nrf52832_xxaa/nrf_drv_uart.c.o
 .text.nrf_uarte_tx_amount_get
                0x0000000000000fa8       0x1a _build/nrf52832_xxaa/nrf_drv_uart.c.o
 .text.nrf_uarte_rx_buffer_set
                0x0000000000000fc2       0x2a _build/nrf52832_xxaa/nrf_drv_uart.c.o
 .text.nrf_uarte_rx_amount_get
                0x0000000000000fec       0x1a _build/nrf52832_xxaa/nrf_drv_uart.c.o
 .text.nrf_drv_get_IRQn
                0x0000000000001006       0x1e _build/nrf52832_xxaa/nrf_drv_uart.c.o
 .text.nrf_drv_is_in_RAM
                0x0000000000001024       0x26 _build/nrf52832_xxaa/nrf_drv_uart.c.o
 .text.nrf_gpio_pin_port_decode
                0x000000000000104a       0x18 _build/nrf52832_xxaa/nrf_drv_uart.c.o
 .text.nrf_gpio_cfg
                0x0000000000001062       0x52 _build/nrf52832_xxaa/nrf_drv_uart.c.o
 .text.nrf_gpio_cfg_output
                0x00000000000010b4       0x24 _build/nrf52832_xxaa/nrf_drv_uart.c.o
 .text.nrf_gpio_cfg_input
                0x00000000000010d8       0x2a _build/nrf52832_xxaa/nrf_drv_uart.c.o
 .text.nrf_gpio_pin_set
                0x0000000000001102       0x2a _build/nrf52832_xxaa/nrf_drv_uart.c.o
 .text.nrf_gpio_port_out_set
                0x000000000000112c       0x1e _build/nrf52832_xxaa/nrf_drv_uart.c.o
 *fill*         0x000000000000114a        0x2 
 .text.apply_config
                0x000000000000114c      0x164 _build/nrf52832_xxaa/nrf_drv_uart.c.o
 .text.interrupts_enable
                0x00000000000012b0       0xd0 _build/nrf52832_xxaa/nrf_drv_uart.c.o
 .text.uart_enable
                0x0000000000001380       0x3c _build/nrf52832_xxaa/nrf_drv_uart.c.o
 .text.nrf_drv_uart_init
                0x00000000000013bc       0x90 _build/nrf52832_xxaa/nrf_drv_uart.c.o
                0x00000000000013bc                nrf_drv_uart_init
 .text.tx_byte  0x000000000000144c       0x44 _build/nrf52832_xxaa/nrf_drv_uart.c.o
 .text.nrf_drv_uart_tx_for_uart
                0x0000000000001490       0xe8 _build/nrf52832_xxaa/nrf_drv_uart.c.o
 .text.nrf_drv_uart_tx_for_uarte
                0x0000000000001578       0xb4 _build/nrf52832_xxaa/nrf_drv_uart.c.o
 .text.nrf_drv_uart_tx
                0x000000000000162c       0x9c _build/nrf52832_xxaa/nrf_drv_uart.c.o
                0x000000000000162c                nrf_drv_uart_tx
 .text.nrf_drv_uart_tx_in_progress
                0x00000000000016c8       0x30 _build/nrf52832_xxaa/nrf_drv_uart.c.o
                0x00000000000016c8                nrf_drv_uart_tx_in_progress
 .text.rx_enable
                0x00000000000016f8       0x38 _build/nrf52832_xxaa/nrf_drv_uart.c.o
 .text.rx_byte  0x0000000000001730       0x58 _build/nrf52832_xxaa/nrf_drv_uart.c.o
 .text.nrf_drv_uart_rx_for_uart
                0x0000000000001788      0x140 _build/nrf52832_xxaa/nrf_drv_uart.c.o
 .text.nrf_drv_uart_rx_for_uarte
                0x00000000000018c8      0x118 _build/nrf52832_xxaa/nrf_drv_uart.c.o
 .text.nrf_drv_uart_rx
                0x00000000000019e0      0x144 _build/nrf52832_xxaa/nrf_drv_uart.c.o
                0x00000000000019e0                nrf_drv_uart_rx
 .text.nrf_drv_uart_rx_enable
                0x0000000000001b24       0x54 _build/nrf52832_xxaa/nrf_drv_uart.c.o
                0x0000000000001b24                nrf_drv_uart_rx_enable
 .text.rx_done_event
                0x0000000000001b78       0x32 _build/nrf52832_xxaa/nrf_drv_uart.c.o
 .text.tx_done_event
                0x0000000000001baa       0x38 _build/nrf52832_xxaa/nrf_drv_uart.c.o
 .text.uart_irq_handler
                0x0000000000001be2      0x1d0 _build/nrf52832_xxaa/nrf_drv_uart.c.o
 .text.uarte_irq_handler
                0x0000000000001db2      0x158 _build/nrf52832_xxaa/nrf_drv_uart.c.o
 *fill*         0x0000000000001f0a        0x2 
 .text.UARTE0_UART0_IRQHandler
                0x0000000000001f0c       0x2c _build/nrf52832_xxaa/nrf_drv_uart.c.o
                0x0000000000001f0c                UARTE0_UART0_IRQHandler
 .text.NVIC_EnableIRQ
                0x0000000000001f38       0x34 _build/nrf52832_xxaa/main.c.o
 .text.NVIC_ClearPendingIRQ
                0x0000000000001f6c       0x34 _build/nrf52832_xxaa/main.c.o
 .text.nrf_delay_us
                0x0000000000001fa0       0xa8 _build/nrf52832_xxaa/main.c.o
 .text.nrf_delay_ms
                0x0000000000002048       0x20 _build/nrf52832_xxaa/main.c.o
 .text.ccm_enable
                0x0000000000002068       0x70 _build/nrf52832_xxaa/main.c.o
 .text.ccm_disable
                0x00000000000020d8       0x40 _build/nrf52832_xxaa/main.c.o
 .text.ccm_run_crypto_sync
                0x0000000000002118       0x2c _build/nrf52832_xxaa/main.c.o
 .text.ccm_test_crypto
                0x0000000000002144      0x130 _build/nrf52832_xxaa/main.c.o
 .text.ccm_radio_tx
                0x0000000000002274      0x154 _build/nrf52832_xxaa/main.c.o
 .text.CCM_AAR_IRQHandler
                0x00000000000023c8       0x20 _build/nrf52832_xxaa/main.c.o
                0x00000000000023c8                CCM_AAR_IRQHandler
 .text.uart_error_handle
                0x00000000000023e8       0x36 _build/nrf52832_xxaa/main.c.o
                0x00000000000023e8                uart_error_handle
 *fill*         0x000000000000241e        0x2 
 .text.init     0x0000000000002420       0x38 _build/nrf52832_xxaa/main.c.o
 .text.help     0x0000000000002458      0x284 _build/nrf52832_xxaa/main.c.o
 .text.get_datarate
                0x00000000000026dc       0x94 _build/nrf52832_xxaa/main.c.o
                0x00000000000026dc                get_datarate
 .text.get_power
                0x0000000000002770       0xc0 _build/nrf52832_xxaa/main.c.o
                0x0000000000002770                get_power
 .text.print_parameters
                0x0000000000002830      0x2e4 _build/nrf52832_xxaa/main.c.o
                0x0000000000002830                print_parameters
 .text.timer1_init
                0x0000000000002b14       0x54 _build/nrf52832_xxaa/main.c.o
                0x0000000000002b14                timer1_init
 .text.start_noisy_op
                0x0000000000002b68       0x20 _build/nrf52832_xxaa/main.c.o
                0x0000000000002b68                start_noisy_op
 .text.stop_noisy_op
                0x0000000000002b88       0x18 _build/nrf52832_xxaa/main.c.o
                0x0000000000002b88                stop_noisy_op
 .text.TIMER1_IRQHandler
                0x0000000000002ba0       0x2c _build/nrf52832_xxaa/main.c.o
                0x0000000000002ba0                TIMER1_IRQHandler
 .text.read_128
                0x0000000000002bcc       0x40 _build/nrf52832_xxaa/main.c.o
                0x0000000000002bcc                read_128
 .text.write_128
                0x0000000000002c0c       0xc8 _build/nrf52832_xxaa/main.c.o
                0x0000000000002c0c                write_128
 .text.preamble
                0x0000000000002cd4      0x1a0 _build/nrf52832_xxaa/main.c.o
                0x0000000000002cd4                preamble
 .text.hwcrypto_mode
                0x0000000000002e74      0x1dc _build/nrf52832_xxaa/main.c.o
                0x0000000000002e74                hwcrypto_mode
 .text.do_aes_masked
                0x0000000000003050      0x158 _build/nrf52832_xxaa/main.c.o
                0x0000000000003050                do_aes_masked
 .text.aes_masked_mode
                0x00000000000031a8      0x254 _build/nrf52832_xxaa/main.c.o
                0x00000000000031a8                aes_masked_mode
 .text.switch_state
                0x00000000000033fc       0xbe _build/nrf52832_xxaa/main.c.o
                0x00000000000033fc                switch_state
 *fill*         0x00000000000034ba        0x2 
 .text.power_analysis_mode
                0x00000000000034bc       0x84 _build/nrf52832_xxaa/main.c.o
                0x00000000000034bc                power_analysis_mode
 .text.all_off  0x0000000000003540       0x34 _build/nrf52832_xxaa/main.c.o
                0x0000000000003540                all_off
 .text.main     0x0000000000003574      0x794 _build/nrf52832_xxaa/main.c.o
                0x0000000000003574                main
 .text.multx    0x0000000000003d08       0x40 _build/nrf52832_xxaa/aes_unmasked.c.o
                0x0000000000003d08                multx
 .text.subbyte  0x0000000000003d48       0x20 _build/nrf52832_xxaa/aes_unmasked.c.o
                0x0000000000003d48                subbyte
 .text.addroundkey
                0x0000000000003d68       0x4e _build/nrf52832_xxaa/aes_unmasked.c.o
                0x0000000000003d68                addroundkey
 .text.swap     0x0000000000003db6       0x2a _build/nrf52832_xxaa/aes_unmasked.c.o
                0x0000000000003db6                swap
 .text.cycle4   0x0000000000003de0       0x3e _build/nrf52832_xxaa/aes_unmasked.c.o
                0x0000000000003de0                cycle4
 .text.shiftrows
                0x0000000000003e1e       0x5e _build/nrf52832_xxaa/aes_unmasked.c.o
                0x0000000000003e1e                shiftrows
 .text.mixcolumns
                0x0000000000003e7c      0x21c _build/nrf52832_xxaa/aes_unmasked.c.o
                0x0000000000003e7c                mixcolumns
 .text.setrcon  0x0000000000004098       0x3c _build/nrf52832_xxaa/aes_unmasked.c.o
                0x0000000000004098                setrcon
 .text.keyexpansion
                0x00000000000040d4      0x130 _build/nrf52832_xxaa/aes_unmasked.c.o
                0x00000000000040d4                keyexpansion
 .text.subbytestate
                0x0000000000004204       0x3a _build/nrf52832_xxaa/aes_unmasked.c.o
                0x0000000000004204                subbytestate
 .text.aes      0x000000000000423e       0xd0 _build/nrf52832_xxaa/aes_unmasked.c.o
                0x000000000000423e                aes
 .text.run_aes  0x000000000000430e       0x4e _build/nrf52832_xxaa/aes_unmasked.c.o
                0x000000000000430e                run_aes
 .text.square   0x000000000000435c       0x20 _build/nrf52832_xxaa/aes_rp.c.o
                0x000000000000435c                square
 .text.multtable
                0x000000000000437c       0x80 _build/nrf52832_xxaa/aes_rp.c.o
                0x000000000000437c                multtable
 .text.subbyte_rp
                0x00000000000043fc       0xa4 _build/nrf52832_xxaa/aes_rp.c.o
                0x00000000000043fc                subbyte_rp
 .text.square_share
                0x00000000000044a0       0x3e _build/nrf52832_xxaa/aes_rp.c.o
                0x00000000000044a0                square_share
 .text.multshare
                0x00000000000044de       0xe4 _build/nrf52832_xxaa/aes_rp.c.o
                0x00000000000044de                multshare
 *fill*         0x00000000000045c2        0x2 
 .text.subbyte_rp_share
                0x00000000000045c4      0x1f4 _build/nrf52832_xxaa/aes_rp.c.o
                0x00000000000045c4                subbyte_rp_share
 .text.subbytestate_rp
                0x00000000000047b8       0x3a _build/nrf52832_xxaa/aes_rp.c.o
                0x00000000000047b8                subbytestate_rp
 .text.aes_rp   0x00000000000047f2      0x106 _build/nrf52832_xxaa/aes_rp.c.o
                0x00000000000047f2                aes_rp
 .text.shiftrows_share
                0x00000000000048f8      0x15c _build/nrf52832_xxaa/aes_share.c.o
                0x00000000000048f8                shiftrows_share
 .text.mixcolumns_share
                0x0000000000004a54      0x292 _build/nrf52832_xxaa/aes_share.c.o
                0x0000000000004a54                mixcolumns_share
 .text.addroundkey_share
                0x0000000000004ce6       0x7a _build/nrf52832_xxaa/aes_share.c.o
                0x0000000000004ce6                addroundkey_share
 .text.subbytestate_share
                0x0000000000004d60       0x38 _build/nrf52832_xxaa/aes_share.c.o
                0x0000000000004d60                subbytestate_share
 .text.aes_share_subkeys
                0x0000000000004d98      0x13a _build/nrf52832_xxaa/aes_share.c.o
                0x0000000000004d98                aes_share_subkeys
 .text.run_aes_share
                0x0000000000004ed2      0x120 _build/nrf52832_xxaa/aes_share.c.o
                0x0000000000004ed2                run_aes_share
 .text.subbytestate_common_share
                0x0000000000004ff2       0x42 _build/nrf52832_xxaa/aes_share.c.o
                0x0000000000004ff2                subbytestate_common_share
 .text.aes_common_share_subkeys
                0x0000000000005034      0x13a _build/nrf52832_xxaa/aes_share.c.o
                0x0000000000005034                aes_common_share_subkeys
 .text.run_aes_common_share
                0x000000000000516e      0x108 _build/nrf52832_xxaa/aes_share.c.o
                0x000000000000516e                run_aes_common_share
 .text.shift_table
                0x0000000000005276       0x62 _build/nrf52832_xxaa/aes_htable.c.o
                0x0000000000005276                shift_table
 .text.refresh_table
                0x00000000000052d8       0x8a _build/nrf52832_xxaa/aes_htable.c.o
                0x00000000000052d8                refresh_table
 .text.read_htable
                0x0000000000005362       0x48 _build/nrf52832_xxaa/aes_htable.c.o
                0x0000000000005362                read_htable
 .text.htable   0x00000000000053aa       0xcc _build/nrf52832_xxaa/aes_htable.c.o
                0x00000000000053aa                htable
 *fill*         0x0000000000005476        0x2 
 .text.subbyte_htable
                0x0000000000005478       0xd8 _build/nrf52832_xxaa/aes_htable.c.o
                0x0000000000005478                subbyte_htable
 .text.subbyte_htable_inc
                0x0000000000005550      0x134 _build/nrf52832_xxaa/aes_htable.c.o
                0x0000000000005550                subbyte_htable_inc
 .text.refreshword
                0x0000000000005684       0x50 _build/nrf52832_xxaa/aes_htable.c.o
                0x0000000000005684                refreshword
 .text.init_table_word
                0x00000000000056d4       0x78 _build/nrf52832_xxaa/aes_htable.c.o
                0x00000000000056d4                init_table_word
 .text.shift_table_word
                0x000000000000574c       0x62 _build/nrf52832_xxaa/aes_htable.c.o
                0x000000000000574c                shift_table_word
 .text.refresh_table_word
                0x00000000000057ae       0x80 _build/nrf52832_xxaa/aes_htable.c.o
                0x00000000000057ae                refresh_table_word
 .text.read_htable_word
                0x000000000000582e       0x4c _build/nrf52832_xxaa/aes_htable.c.o
                0x000000000000582e                read_htable_word
 .text.htable_small
                0x000000000000587a      0x318 _build/nrf52832_xxaa/aes_htable.c.o
                0x000000000000587a                htable_small
 .text.htable_word
                0x0000000000005b92       0xec _build/nrf52832_xxaa/aes_htable.c.o
                0x0000000000005b92                htable_word
 .text.subbyte_htable_word
                0x0000000000005c7e      0x198 _build/nrf52832_xxaa/aes_htable.c.o
                0x0000000000005c7e                subbyte_htable_word
 .text.htable_word_inc
                0x0000000000005e16      0x144 _build/nrf52832_xxaa/aes_htable.c.o
                0x0000000000005e16                htable_word_inc
 .text.subbyte_htable_word_inc
                0x0000000000005f5a      0x14e _build/nrf52832_xxaa/aes_htable.c.o
                0x0000000000005f5a                subbyte_htable_word_inc
 .text.common_shares
                0x00000000000060a8       0xec _build/nrf52832_xxaa/aes_htable.c.o
                0x00000000000060a8                common_shares
 .text.subbyte_cs_htable
                0x0000000000006194      0x2a8 _build/nrf52832_xxaa/aes_htable.c.o
                0x0000000000006194                subbyte_cs_htable
 .text.subbyte_cs_htable_word
                0x000000000000643c      0x4bc _build/nrf52832_xxaa/aes_htable.c.o
                0x000000000000643c                subbyte_cs_htable_word
 .text.subbyte_cs_htable_word_inc
                0x00000000000068f8      0x504 _build/nrf52832_xxaa/aes_htable.c.o
                0x00000000000068f8                subbyte_cs_htable_word_inc
 .text.xorshf96
                0x0000000000006dfc       0x88 _build/nrf52832_xxaa/share.c.o
                0x0000000000006dfc                xorshf96
 .text.refresh  0x0000000000006e84       0x52 _build/nrf52832_xxaa/share.c.o
                0x0000000000006e84                refresh
 .text.share    0x0000000000006ed6       0x3e _build/nrf52832_xxaa/share.c.o
                0x0000000000006ed6                share
 .text.xorop    0x0000000000006f14       0x3e _build/nrf52832_xxaa/share.c.o
                0x0000000000006f14                xorop
 .text.decode   0x0000000000006f52       0x38 _build/nrf52832_xxaa/share.c.o
                0x0000000000006f52                decode
 *fill*         0x0000000000006f8a        0x2 
 .text.timer0_init
                0x0000000000006f8c       0x60 _build/nrf52832_xxaa/radio_test.c.o
 .text.rnd8     0x0000000000006fec       0x2c _build/nrf52832_xxaa/radio_test.c.o
 .text.rnd32    0x0000000000007018       0x38 _build/nrf52832_xxaa/radio_test.c.o
 .text.generate_modulated_rf_packet
                0x0000000000007050       0x7c _build/nrf52832_xxaa/radio_test.c.o
 .text.radio_disable
                0x00000000000070cc       0x3c _build/nrf52832_xxaa/radio_test.c.o
 .text.radio_sweep_end
                0x0000000000007108       0x18 _build/nrf52832_xxaa/radio_test.c.o
                0x0000000000007108                radio_sweep_end
 .text.radio_tx_carrier
                0x0000000000007120       0x48 _build/nrf52832_xxaa/radio_test.c.o
                0x0000000000007120                radio_tx_carrier
 .text.radio_modulated_tx_carrier
                0x0000000000007168       0x4c _build/nrf52832_xxaa/radio_test.c.o
                0x0000000000007168                radio_modulated_tx_carrier
 .text.radio_rx_carrier
                0x00000000000071b4       0x38 _build/nrf52832_xxaa/radio_test.c.o
                0x00000000000071b4                radio_rx_carrier
 .text.radio_tx_sweep_start
                0x00000000000071ec       0x6c _build/nrf52832_xxaa/radio_test.c.o
                0x00000000000071ec                radio_tx_sweep_start
 .text.radio_rx_sweep_start
                0x0000000000007258       0x60 _build/nrf52832_xxaa/radio_test.c.o
                0x0000000000007258                radio_rx_sweep_start
 .text.TIMER0_IRQHandler
                0x00000000000072b8       0x78 _build/nrf52832_xxaa/radio_test.c.o
                0x00000000000072b8                TIMER0_IRQHandler
 .text          0x0000000000007330       0x3c _build/nrf52832_xxaa/gcc_startup_nrf52.S.o
                0x0000000000007330                Reset_Handler
                0x0000000000007358                NMI_Handler
                0x000000000000735a                HardFault_Handler
                0x000000000000735c                MemoryManagement_Handler
                0x000000000000735e                BusFault_Handler
                0x0000000000007360                UsageFault_Handler
                0x0000000000007362                SVC_Handler
                0x0000000000007364                DebugMon_Handler
                0x0000000000007366                PendSV_Handler
                0x0000000000007368                SysTick_Handler
                0x000000000000736a                TIMER2_IRQHandler
                0x000000000000736a                RTC0_IRQHandler
                0x000000000000736a                SWI0_EGU0_IRQHandler
                0x000000000000736a                SWI2_EGU2_IRQHandler
                0x000000000000736a                GPIOTE_IRQHandler
                0x000000000000736a                PWM1_IRQHandler
                0x000000000000736a                POWER_CLOCK_IRQHandler
                0x000000000000736a                RADIO_IRQHandler
                0x000000000000736a                PDM_IRQHandler
                0x000000000000736a                TEMP_IRQHandler
                0x000000000000736a                QDEC_IRQHandler
                0x000000000000736a                TIMER3_IRQHandler
                0x000000000000736a                FPU_IRQHandler
                0x000000000000736a                SPIM0_SPIS0_TWIM0_TWIS0_SPI0_TWI0_IRQHandler
                0x000000000000736a                TIMER4_IRQHandler
                0x000000000000736a                I2S_IRQHandler
                0x000000000000736a                SWI4_EGU4_IRQHandler
                0x000000000000736a                PWM2_IRQHandler
                0x000000000000736a                ECB_IRQHandler
                0x000000000000736a                SPIM1_SPIS1_TWIM1_TWIS1_SPI1_TWI1_IRQHandler
                0x000000000000736a                Default_Handler
                0x000000000000736a                SAADC_IRQHandler
                0x000000000000736a                WDT_IRQHandler
                0x000000000000736a                SWI5_EGU5_IRQHandler
                0x000000000000736a                RNG_IRQHandler
                0x000000000000736a                RTC2_IRQHandler
                0x000000000000736a                PWM0_IRQHandler
                0x000000000000736a                SWI3_EGU3_IRQHandler
                0x000000000000736a                RTC1_IRQHandler
                0x000000000000736a                SWI1_EGU1_IRQHandler
                0x000000000000736a                SPIM2_SPIS2_SPI2_IRQHandler
                0x000000000000736a                NFCT_IRQHandler
                0x000000000000736a                MWU_IRQHandler
                0x000000000000736a                COMP_LPCOMP_IRQHandler
 .text.NVIC_SystemReset
                0x000000000000736c       0x28 _build/nrf52832_xxaa/system_nrf52.c.o
 .text.SystemCoreClockUpdate
                0x0000000000007394       0x1c _build/nrf52832_xxaa/system_nrf52.c.o
                0x0000000000007394                SystemCoreClockUpdate
 .text.SystemInit
                0x00000000000073b0      0x2bc _build/nrf52832_xxaa/system_nrf52.c.o
                0x00000000000073b0                SystemInit
 .text.errata_12
                0x000000000000766c       0x64 _build/nrf52832_xxaa/system_nrf52.c.o
 .text.errata_16
                0x00000000000076d0       0x44 _build/nrf52832_xxaa/system_nrf52.c.o
 .text.errata_31
                0x0000000000007714       0x64 _build/nrf52832_xxaa/system_nrf52.c.o
 .text.errata_32
                0x0000000000007778       0x44 _build/nrf52832_xxaa/system_nrf52.c.o
 .text.errata_36
                0x00000000000077bc       0x64 _build/nrf52832_xxaa/system_nrf52.c.o
 .text.errata_37
                0x0000000000007820       0x44 _build/nrf52832_xxaa/system_nrf52.c.o
 .text.errata_57
                0x0000000000007864       0x44 _build/nrf52832_xxaa/system_nrf52.c.o
 .text.errata_66
                0x00000000000078a8       0x44 _build/nrf52832_xxaa/system_nrf52.c.o
 .text.errata_108
                0x00000000000078ec       0x64 _build/nrf52832_xxaa/system_nrf52.c.o
 .text.errata_136
                0x0000000000007950       0x64 _build/nrf52832_xxaa/system_nrf52.c.o
 .text.nrf_ecb_init
                0x00000000000079b4       0x48 _build/nrf52832_xxaa/nrf_ecb.c.o
                0x00000000000079b4                nrf_ecb_init
 .text.nrf_ecb_crypt
                0x00000000000079fc       0x88 _build/nrf52832_xxaa/nrf_ecb.c.o
                0x00000000000079fc                nrf_ecb_crypt
 .text.nrf_ecb_set_key
                0x0000000000007a84       0x24 _build/nrf52832_xxaa/nrf_ecb.c.o
                0x0000000000007a84                nrf_ecb_set_key
 .text.getSBoxValue
                0x0000000000007aa8       0x20 _build/nrf52832_xxaa/aes.c.o
 .text.KeyExpansion
                0x0000000000007ac8      0x1a4 _build/nrf52832_xxaa/aes.c.o
 .text.AddRoundKey
                0x0000000000007c6c       0x78 _build/nrf52832_xxaa/aes.c.o
 .text.SubBytes
                0x0000000000007ce4       0x60 _build/nrf52832_xxaa/aes.c.o
 .text.ShiftRows
                0x0000000000007d44       0xb8 _build/nrf52832_xxaa/aes.c.o
 .text.xtime    0x0000000000007dfc       0x3c _build/nrf52832_xxaa/aes.c.o
 .text.MixColumns
                0x0000000000007e38      0x194 _build/nrf52832_xxaa/aes.c.o
 .text.Cipher   0x0000000000007fcc       0x4c _build/nrf52832_xxaa/aes.c.o
 .text.BlockCopy
                0x0000000000008018       0x38 _build/nrf52832_xxaa/aes.c.o
 .text.AES128_ECB_encrypt
                0x0000000000008050       0x38 _build/nrf52832_xxaa/aes.c.o
                0x0000000000008050                AES128_ECB_encrypt
 .text          0x0000000000008088        0xc /usr/lib/gcc/arm-none-eabi/6.3.1/../../../arm-none-eabi/lib/thumb/v7e-m/fpv4-sp/hard/libc_nano.a(lib_a-atexit.o)
                0x0000000000008088                atexit
 .text          0x0000000000008094       0x28 /usr/lib/gcc/arm-none-eabi/6.3.1/../../../arm-none-eabi/lib/thumb/v7e-m/fpv4-sp/hard/libc_nano.a(lib_a-clock.o)
                0x0000000000008094                clock
 .text          0x00000000000080bc       0x28 /usr/lib/gcc/arm-none-eabi/6.3.1/../../../arm-none-eabi/lib/thumb/v7e-m/fpv4-sp/hard/libc_nano.a(lib_a-exit.o)
                0x00000000000080bc                exit
 .text          0x00000000000080e4       0x34 /usr/lib/gcc/arm-none-eabi/6.3.1/../../../arm-none-eabi/lib/thumb/v7e-m/fpv4-sp/hard/libc_nano.a(lib_a-fini.o)
                0x00000000000080e4                __libc_fini_array
 .text          0x0000000000008118       0x50 /usr/lib/gcc/arm-none-eabi/6.3.1/../../../arm-none-eabi/lib/thumb/v7e-m/fpv4-sp/hard/libc_nano.a(lib_a-init.o)
                0x0000000000008118                __libc_init_array
 .text          0x0000000000008168       0x20 /usr/lib/gcc/arm-none-eabi/6.3.1/../../../arm-none-eabi/lib/thumb/v7e-m/fpv4-sp/hard/libc_nano.a(lib_a-malloc.o)
                0x0000000000008168                malloc
                0x0000000000008178                free
 .text          0x0000000000008188      0x134 /usr/lib/gcc/arm-none-eabi/6.3.1/../../../arm-none-eabi/lib/thumb/v7e-m/fpv4-sp/hard/libc_nano.a(lib_a-memcpy.o)
                0x0000000000008188                memcpy
 .text          0x00000000000082bc       0x9c /usr/lib/gcc/arm-none-eabi/6.3.1/../../../arm-none-eabi/lib/thumb/v7e-m/fpv4-sp/hard/libc_nano.a(lib_a-memset.o)
                0x00000000000082bc                memset
 .text          0x0000000000008358       0x90 /usr/lib/gcc/arm-none-eabi/6.3.1/../../../arm-none-eabi/lib/thumb/v7e-m/fpv4-sp/hard/libc_nano.a(lib_a-nano-freer.o)
                0x0000000000008358                _free_r
 .text          0x00000000000083e8       0xbc /usr/lib/gcc/arm-none-eabi/6.3.1/../../../arm-none-eabi/lib/thumb/v7e-m/fpv4-sp/hard/libc_nano.a(lib_a-nano-mallocr.o)
                0x00000000000083e8                _malloc_r
 .text          0x00000000000084a4      0x2f8 /usr/lib/gcc/arm-none-eabi/6.3.1/../../../arm-none-eabi/lib/thumb/v7e-m/fpv4-sp/hard/libc_nano.a(lib_a-nano-vfprintf.o)
                0x00000000000084d8                __sfputs_r
                0x0000000000008504                __sprint_r
                0x0000000000008520                _vfiprintf_r
                0x0000000000008520                _vfprintf_r
                0x0000000000008784                vfiprintf
                0x0000000000008784                vfprintf
 .text          0x000000000000879c      0x3d4 /usr/lib/gcc/arm-none-eabi/6.3.1/../../../arm-none-eabi/lib/thumb/v7e-m/fpv4-sp/hard/libc_nano.a(lib_a-nano-vfprintf_i.o)
                0x000000000000879c                _printf_common
                0x00000000000088d0                _printf_i
 .text          0x0000000000008b70       0x60 /usr/lib/gcc/arm-none-eabi/6.3.1/../../../arm-none-eabi/lib/thumb/v7e-m/fpv4-sp/hard/libc_nano.a(lib_a-printf.o)
                0x0000000000008b70                _printf_r
                0x0000000000008b70                _iprintf_r
                0x0000000000008b9c                printf
                0x0000000000008b9c                iprintf
 .text          0x0000000000008bd0       0x24 /usr/lib/gcc/arm-none-eabi/6.3.1/../../../arm-none-eabi/lib/thumb/v7e-m/fpv4-sp/hard/libc_nano.a(lib_a-sbrkr.o)
                0x0000000000008bd0                _sbrk_r
 .text          0x0000000000008bf4       0x60 /usr/lib/gcc/arm-none-eabi/6.3.1/../../../arm-none-eabi/lib/thumb/v7e-m/fpv4-sp/hard/libc_nano.a(lib_a-scanf.o)
                0x0000000000008bf4                iscanf
                0x0000000000008bf4                scanf
                0x0000000000008c28                _iscanf_r
                0x0000000000008c28                _scanf_r
 .text          0x0000000000008c54        0x8 /usr/lib/gcc/arm-none-eabi/6.3.1/../../../arm-none-eabi/lib/thumb/v7e-m/fpv4-sp/hard/libc_nano.a(lib_a-timesr.o)
                0x0000000000008c54                _times_r
 .text          0x0000000000008c5c       0xc4 /usr/lib/gcc/arm-none-eabi/6.3.1/../../../arm-none-eabi/lib/thumb/v7e-m/fpv4-sp/hard/libc_nano.a(lib_a-wbuf.o)
                0x0000000000008c5c                __swbuf_r
                0x0000000000008d10                __swbuf
 .text          0x0000000000008d20       0xf4 /usr/lib/gcc/arm-none-eabi/6.3.1/../../../arm-none-eabi/lib/thumb/v7e-m/fpv4-sp/hard/libc_nano.a(lib_a-wsetup.o)
                0x0000000000008d20                __swsetup_r
 .text          0x0000000000008e14       0xd0 /usr/lib/gcc/arm-none-eabi/6.3.1/../../../arm-none-eabi/lib/thumb/v7e-m/fpv4-sp/hard/libc_nano.a(lib_a-__atexit.o)
                0x0000000000008e14                __register_exitproc
 .text          0x0000000000008ee4       0xf4 /usr/lib/gcc/arm-none-eabi/6.3.1/../../../arm-none-eabi/lib/thumb/v7e-m/fpv4-sp/hard/libc_nano.a(lib_a-__call_atexit.o)
                0x0000000000008ee4                __call_exitprocs
 .text          0x0000000000008fd8      0x1b0 /usr/lib/gcc/arm-none-eabi/6.3.1/../../../arm-none-eabi/lib/thumb/v7e-m/fpv4-sp/hard/libc_nano.a(lib_a-fflush.o)
                0x0000000000008fd8                __sflush_r
                0x0000000000009100                _fflush_r
                0x0000000000009164                fflush
 .text          0x0000000000009188      0x230 /usr/lib/gcc/arm-none-eabi/6.3.1/../../../arm-none-eabi/lib/thumb/v7e-m/fpv4-sp/hard/libc_nano.a(lib_a-findfp.o)
                0x000000000000918c                _cleanup_r
                0x000000000000919c                __sfmoreglue
                0x00000000000091cc                __sfp
                0x0000000000009364                _cleanup
                0x0000000000009378                __sinit
                0x0000000000009380                __sfp_lock_acquire
                0x0000000000009384                __sfp_lock_release
                0x0000000000009388                __sinit_lock_acquire
                0x000000000000938c                __sinit_lock_release
                0x0000000000009390                __fp_lock_all
                0x00000000000093a4                __fp_unlock_all
 .text          0x00000000000093b8      0x2f0 /usr/lib/gcc/arm-none-eabi/6.3.1/../../../arm-none-eabi/lib/thumb/v7e-m/fpv4-sp/hard/libc_nano.a(lib_a-fvwrite.o)
                0x00000000000093b8                __sfvwrite_r
 .text          0x00000000000096a8       0xa0 /usr/lib/gcc/arm-none-eabi/6.3.1/../../../arm-none-eabi/lib/thumb/v7e-m/fpv4-sp/hard/libc_nano.a(lib_a-fwalk.o)
                0x00000000000096a8                _fwalk
                0x00000000000096f4                _fwalk_reent
 .text          0x0000000000009748       0xe4 /usr/lib/gcc/arm-none-eabi/6.3.1/../../../arm-none-eabi/lib/thumb/v7e-m/fpv4-sp/hard/libc_nano.a(lib_a-makebuf.o)
                0x0000000000009748                __swhatbuf_r
                0x00000000000097a4                __smakebuf_r
 *fill*         0x000000000000982c        0x4 
 .text          0x0000000000009830       0xa0 /usr/lib/gcc/arm-none-eabi/6.3.1/../../../arm-none-eabi/lib/thumb/v7e-m/fpv4-sp/hard/libc_nano.a(lib_a-memchr.o)
                0x0000000000009830                memchr
 .text          0x00000000000098d0       0xc8 /usr/lib/gcc/arm-none-eabi/6.3.1/../../../arm-none-eabi/lib/thumb/v7e-m/fpv4-sp/hard/libc_nano.a(lib_a-memmove.o)
                0x00000000000098d0                memmove
 .text          0x0000000000009998       0x50 /usr/lib/gcc/arm-none-eabi/6.3.1/../../../arm-none-eabi/lib/thumb/v7e-m/fpv4-sp/hard/libc_nano.a(lib_a-nano-reallocr.o)
                0x0000000000009998                _realloc_r
 .text          0x00000000000099e8      0x464 /usr/lib/gcc/arm-none-eabi/6.3.1/../../../arm-none-eabi/lib/thumb/v7e-m/fpv4-sp/hard/libc_nano.a(lib_a-nano-vfscanf.o)
                0x00000000000099e8                __svfiscanf_r
                0x00000000000099e8                __svfscanf_r
                0x0000000000009d68                vfiscanf
                0x0000000000009d68                vfscanf
                0x0000000000009dd4                __svfscanf
                0x0000000000009dec                _vfiscanf_r
                0x0000000000009dec                _vfscanf_r
 .text          0x0000000000009e4c      0x2d8 /usr/lib/gcc/arm-none-eabi/6.3.1/../../../arm-none-eabi/lib/thumb/v7e-m/fpv4-sp/hard/libc_nano.a(lib_a-nano-vfscanf_i.o)
                0x0000000000009e4c                _scanf_chars
                0x0000000000009f10                _scanf_i
 .text          0x000000000000a124      0x140 /usr/lib/gcc/arm-none-eabi/6.3.1/../../../arm-none-eabi/lib/thumb/v7e-m/fpv4-sp/hard/libc_nano.a(lib_a-refill.o)
                0x000000000000a138                __srefill_r
 .text          0x000000000000a264       0x74 /usr/lib/gcc/arm-none-eabi/6.3.1/../../../arm-none-eabi/lib/thumb/v7e-m/fpv4-sp/hard/libc_nano.a(lib_a-sccl.o)
                0x000000000000a264                __sccl
 .text          0x000000000000a2d8       0x8c /usr/lib/gcc/arm-none-eabi/6.3.1/../../../arm-none-eabi/lib/thumb/v7e-m/fpv4-sp/hard/libc_nano.a(lib_a-stdio.o)
                0x000000000000a2d8                __sread
                0x000000000000a2fc                __seofread
                0x000000000000a300                __swrite
                0x000000000000a33c                __sseek
                0x000000000000a35c                __sclose
 .text          0x000000000000a364      0x128 /usr/lib/gcc/arm-none-eabi/6.3.1/../../../arm-none-eabi/lib/thumb/v7e-m/fpv4-sp/hard/libc_nano.a(lib_a-strtol.o)
                0x000000000000a364                _strtol_r
                0x000000000000a474                strtol
 .text          0x000000000000a48c      0x14c /usr/lib/gcc/arm-none-eabi/6.3.1/../../../arm-none-eabi/lib/thumb/v7e-m/fpv4-sp/hard/libc_nano.a(lib_a-strtoul.o)
                0x000000000000a48c                _strtoul_r
                0x000000000000a5c0                strtoul
 .text          0x000000000000a5d8      0x178 /usr/lib/gcc/arm-none-eabi/6.3.1/../../../arm-none-eabi/lib/thumb/v7e-m/fpv4-sp/hard/libc_nano.a(lib_a-ungetc.o)
                0x000000000000a5d8                __submore
                0x000000000000a650                _ungetc_r
                0x000000000000a740                ungetc
 .text          0x000000000000a750       0x2c /usr/lib/gcc/arm-none-eabi/6.3.1/../../../arm-none-eabi/lib/thumb/v7e-m/fpv4-sp/hard/libc_nano.a(lib_a-writer.o)
                0x000000000000a750                _write_r
 .text          0x000000000000a77c       0x24 /usr/lib/gcc/arm-none-eabi/6.3.1/../../../arm-none-eabi/lib/thumb/v7e-m/fpv4-sp/hard/libc_nano.a(lib_a-closer.o)
                0x000000000000a77c                _close_r
 .text          0x000000000000a7a0       0x28 /usr/lib/gcc/arm-none-eabi/6.3.1/../../../arm-none-eabi/lib/thumb/v7e-m/fpv4-sp/hard/libc_nano.a(lib_a-fstatr.o)
                0x000000000000a7a0                _fstat_r
 .text          0x000000000000a7c8       0x24 /usr/lib/gcc/arm-none-eabi/6.3.1/../../../arm-none-eabi/lib/thumb/v7e-m/fpv4-sp/hard/libc_nano.a(lib_a-isattyr.o)
                0x000000000000a7c8                _isatty_r
 .text          0x000000000000a7ec       0x2c /usr/lib/gcc/arm-none-eabi/6.3.1/../../../arm-none-eabi/lib/thumb/v7e-m/fpv4-sp/hard/libc_nano.a(lib_a-lseekr.o)
                0x000000000000a7ec                _lseek_r
 .text          0x000000000000a818       0x14 /usr/lib/gcc/arm-none-eabi/6.3.1/../../../arm-none-eabi/lib/thumb/v7e-m/fpv4-sp/hard/libc_nano.a(lib_a-nano-msizer.o)
                0x000000000000a818                _malloc_usable_size_r
 .text          0x000000000000a82c       0x2c /usr/lib/gcc/arm-none-eabi/6.3.1/../../../arm-none-eabi/lib/thumb/v7e-m/fpv4-sp/hard/libc_nano.a(lib_a-readr.o)
                0x000000000000a82c                _read_r
 .text          0x000000000000a858       0x10 /usr/lib/gcc/arm-none-eabi/6.3.1/../../../arm-none-eabi/lib/thumb/v7e-m/fpv4-sp/hard/libnosys.a(close.o)
                0x000000000000a858                _close
 .text          0x000000000000a868       0x10 /usr/lib/gcc/arm-none-eabi/6.3.1/../../../arm-none-eabi/lib/thumb/v7e-m/fpv4-sp/hard/libnosys.a(fstat.o)
                0x000000000000a868                _fstat
 .text          0x000000000000a878       0x10 /usr/lib/gcc/arm-none-eabi/6.3.1/../../../arm-none-eabi/lib/thumb/v7e-m/fpv4-sp/hard/libnosys.a(isatty.o)
                0x000000000000a878                _isatty
 .text          0x000000000000a888       0x10 /usr/lib/gcc/arm-none-eabi/6.3.1/../../../arm-none-eabi/lib/thumb/v7e-m/fpv4-sp/hard/libnosys.a(lseek.o)
                0x000000000000a888                _lseek
 .text          0x000000000000a898       0x1c /usr/lib/gcc/arm-none-eabi/6.3.1/../../../arm-none-eabi/lib/thumb/v7e-m/fpv4-sp/hard/libnosys.a(sbrk.o)
                0x000000000000a898                _sbrk
 .text          0x000000000000a8b4       0x10 /usr/lib/gcc/arm-none-eabi/6.3.1/../../../arm-none-eabi/lib/thumb/v7e-m/fpv4-sp/hard/libnosys.a(times.o)
                0x000000000000a8b4                _times
 .text          0x000000000000a8c4        0x4 /usr/lib/gcc/arm-none-eabi/6.3.1/../../../arm-none-eabi/lib/thumb/v7e-m/fpv4-sp/hard/libnosys.a(_exit.o)
                0x000000000000a8c4                _exit
 *(.init)
 .init          0x000000000000a8c8        0x4 /usr/lib/gcc/arm-none-eabi/6.3.1/thumb/v7e-m/fpv4-sp/hard/crti.o
                0x000000000000a8c8                _init
 .init          0x000000000000a8cc        0x8 /usr/lib/gcc/arm-none-eabi/6.3.1/thumb/v7e-m/fpv4-sp/hard/crtn.o
 *(.fini)
 .fini          0x000000000000a8d4        0x4 /usr/lib/gcc/arm-none-eabi/6.3.1/thumb/v7e-m/fpv4-sp/hard/crti.o
                0x000000000000a8d4                _fini
 .fini          0x000000000000a8d8        0x8 /usr/lib/gcc/arm-none-eabi/6.3.1/thumb/v7e-m/fpv4-sp/hard/crtn.o
 *crtbegin.o(.ctors)
 *crtbegin?.o(.ctors)
 *(EXCLUDE_FILE(*crtend.o *crtend?.o) .ctors)
 *(SORT(.ctors.*))
 *(.ctors)
 *crtbegin.o(.dtors)
 *crtbegin?.o(.dtors)
 *(EXCLUDE_FILE(*crtend.o *crtend?.o) .dtors)
 *(SORT(.dtors.*))
 *(.dtors)
 *(.rodata*)
 .rodata.m_board_led_list
                0x000000000000a8e0        0x4 _build/nrf52832_xxaa/boards.c.o
 .rodata        0x000000000000a8e4       0x20 _build/nrf52832_xxaa/app_uart_fifo.c.o
 .rodata        0x000000000000a904      0xe58 _build/nrf52832_xxaa/main.c.o
 .rodata.sbox   0x000000000000b75c      0x100 _build/nrf52832_xxaa/aes.c.o
 .rodata.Rcon   0x000000000000b85c       0xff _build/nrf52832_xxaa/aes.c.o
 *fill*         0x000000000000b95b        0x1 
 .rodata        0x000000000000b95c        0x4 /usr/lib/gcc/arm-none-eabi/6.3.1/../../../arm-none-eabi/lib/thumb/v7e-m/fpv4-sp/hard/libc_nano.a(lib_a-impure.o)
                0x000000000000b95c                _global_impure_ptr
 .rodata.str1.4
                0x000000000000b960        0x2 /usr/lib/gcc/arm-none-eabi/6.3.1/../../../arm-none-eabi/lib/thumb/v7e-m/fpv4-sp/hard/libc_nano.a(lib_a-impure.o)
 *fill*         0x000000000000b962        0x2 
 .rodata.str1.4
                0x000000000000b964       0x13 /usr/lib/gcc/arm-none-eabi/6.3.1/../../../arm-none-eabi/lib/thumb/v7e-m/fpv4-sp/hard/libc_nano.a(lib_a-nano-vfprintf.o)
 *fill*         0x000000000000b977        0x1 
 .rodata.str1.4
                0x000000000000b978       0x25 /usr/lib/gcc/arm-none-eabi/6.3.1/../../../arm-none-eabi/lib/thumb/v7e-m/fpv4-sp/hard/libc_nano.a(lib_a-nano-vfprintf_i.o)
 *fill*         0x000000000000b99d        0x3 
 .rodata        0x000000000000b9a0       0x60 /usr/lib/gcc/arm-none-eabi/6.3.1/../../../arm-none-eabi/lib/thumb/v7e-m/fpv4-sp/hard/libc_nano.a(lib_a-findfp.o)
                0x000000000000b9a0                __sf_fake_stderr
                0x000000000000b9c0                __sf_fake_stdout
                0x000000000000b9e0                __sf_fake_stdin
 .rodata.str1.4
                0x000000000000ba00        0x4 /usr/lib/gcc/arm-none-eabi/6.3.1/../../../arm-none-eabi/lib/thumb/v7e-m/fpv4-sp/hard/libc_nano.a(lib_a-nano-vfscanf.o)
 .rodata        0x000000000000ba00        0xc /usr/lib/gcc/arm-none-eabi/6.3.1/../../../arm-none-eabi/lib/thumb/v7e-m/fpv4-sp/hard/libc_nano.a(lib_a-nano-vfscanf_i.o)
 .rodata.str1.4
                0x000000000000ba0c       0x20 /usr/lib/gcc/arm-none-eabi/6.3.1/../../../arm-none-eabi/lib/thumb/v7e-m/fpv4-sp/hard/libc_nano.a(lib_a-nano-vfscanf_i.o)
                                         0x1f (size before relaxing)
 .rodata        0x000000000000ba2c      0x101 /usr/lib/gcc/arm-none-eabi/6.3.1/../../../arm-none-eabi/lib/thumb/v7e-m/fpv4-sp/hard/libc_nano.a(lib_a-ctype_.o)
                0x000000000000ba2c                _ctype_
 *(.eh_frame*)
 *fill*         0x000000000000bb2d        0x3 
 .eh_frame      0x000000000000bb30        0x0 /usr/lib/gcc/arm-none-eabi/6.3.1/thumb/v7e-m/fpv4-sp/hard/crtbegin.o
 .eh_frame      0x000000000000bb30        0x4 /usr/lib/gcc/arm-none-eabi/6.3.1/thumb/v7e-m/fpv4-sp/hard/crtend.o

.glue_7         0x000000000000bb34        0x0
 .glue_7        0x000000000000bb34        0x0 linker stubs

.glue_7t        0x000000000000bb34        0x0
 .glue_7t       0x000000000000bb34        0x0 linker stubs

.vfp11_veneer   0x000000000000bb34        0x0
 .vfp11_veneer  0x000000000000bb34        0x0 linker stubs

.v4_bx          0x000000000000bb34        0x0
 .v4_bx         0x000000000000bb34        0x0 linker stubs

.iplt           0x000000000000bb34        0x0
 .iplt          0x000000000000bb34        0x0 /usr/lib/gcc/arm-none-eabi/6.3.1/thumb/v7e-m/fpv4-sp/hard/crtbegin.o

.mem_section_dummy_rom

.log_const_data
                0x000000000000bb34        0x0
                [!provide]                        PROVIDE (__start_log_const_data, .)
 *(SORT(.log_const_data*))
                [!provide]                        PROVIDE (__stop_log_const_data, .)

.ARM.extab
 *(.ARM.extab* .gnu.linkonce.armextab.*)
                0x000000000000bb34                __exidx_start = .

.ARM.exidx      0x000000000000bb34        0x8
 *(.ARM.exidx* .gnu.linkonce.armexidx.*)
 .ARM.exidx     0x000000000000bb34        0x8 /usr/lib/gcc/arm-none-eabi/6.3.1/../../../arm-none-eabi/lib/thumb/v7e-m/fpv4-sp/hard/crt0.o
                0x000000000000bb3c                __exidx_end = .
                0x000000000000bb3c                __etext = .

.rel.dyn        0x000000000000bb3c        0x0
 .rel.iplt      0x000000000000bb3c        0x0 /usr/lib/gcc/arm-none-eabi/6.3.1/thumb/v7e-m/fpv4-sp/hard/crtbegin.o

.data           0x0000000020000000      0x7bc load address 0x000000000000bb3c
                0x0000000020000000                __data_start__ = .
 *(vtable)
 *(.data*)
 .data.app_uart_inst
                0x0000000020000000        0x8 _build/nrf52832_xxaa/app_uart_fifo.c.o
 .data.mode_    0x0000000020000008        0x1 _build/nrf52832_xxaa/main.c.o
 *fill*         0x0000000020000009        0x3 
 .data.channel_end_
                0x000000002000000c        0x4 _build/nrf52832_xxaa/main.c.o
 .data.delayms_
                0x0000000020000010        0x4 _build/nrf52832_xxaa/main.c.o
 .data.ccm_config
                0x0000000020000014       0x21 _build/nrf52832_xxaa/main.c.o
 *fill*         0x0000000020000035        0x3 
 .data.sbox     0x0000000020000038      0x100 _build/nrf52832_xxaa/aes_unmasked.c.o
                0x0000000020000038                sbox
 .data.sq       0x0000000020000138      0x100 _build/nrf52832_xxaa/aes_rp.c.o
                0x0000000020000138                sq
 .data.taffine  0x0000000020000238      0x100 _build/nrf52832_xxaa/aes_rp.c.o
                0x0000000020000238                taffine
 .data.tsmult   0x0000000020000338      0x400 _build/nrf52832_xxaa/aes_rp.c.o
                0x0000000020000338                tsmult
 .data.x        0x0000000020000738        0x4 _build/nrf52832_xxaa/share.c.o
 .data.y        0x000000002000073c        0x4 _build/nrf52832_xxaa/share.c.o
 .data.z        0x0000000020000740        0x4 _build/nrf52832_xxaa/share.c.o
 .data.SystemCoreClock
                0x0000000020000744        0x4 _build/nrf52832_xxaa/system_nrf52.c.o
                0x0000000020000744                SystemCoreClock
 .data          0x0000000020000748       0x64 /usr/lib/gcc/arm-none-eabi/6.3.1/../../../arm-none-eabi/lib/thumb/v7e-m/fpv4-sp/hard/libc_nano.a(lib_a-impure.o)
                0x0000000020000748                _impure_ptr
 .data          0x00000000200007ac        0x4 /usr/lib/gcc/arm-none-eabi/6.3.1/../../../arm-none-eabi/lib/thumb/v7e-m/fpv4-sp/hard/libc_nano.a(lib_a-ctype_.o)
                0x00000000200007ac                __ctype_ptr__
                0x00000000200007b0                . = ALIGN (0x4)
                0x00000000200007b0                PROVIDE (__preinit_array_start, .)
 *(.preinit_array)
                0x00000000200007b0                PROVIDE (__preinit_array_end, .)
                0x00000000200007b0                . = ALIGN (0x4)
                0x00000000200007b0                PROVIDE (__init_array_start, .)
 *(SORT(.init_array.*))
 *(.init_array)
 .init_array    0x00000000200007b0        0x4 /usr/lib/gcc/arm-none-eabi/6.3.1/thumb/v7e-m/fpv4-sp/hard/crtbegin.o
                0x00000000200007b4                PROVIDE (__init_array_end, .)
                0x00000000200007b4                . = ALIGN (0x4)
                0x00000000200007b4                PROVIDE (__fini_array_start, .)
 *(SORT(.fini_array.*))
 *(.fini_array)
 .fini_array    0x00000000200007b4        0x4 /usr/lib/gcc/arm-none-eabi/6.3.1/thumb/v7e-m/fpv4-sp/hard/crtbegin.o
                0x00000000200007b8                PROVIDE (__fini_array_end, .)
 *(.jcr*)
 .jcr           0x00000000200007b8        0x0 /usr/lib/gcc/arm-none-eabi/6.3.1/thumb/v7e-m/fpv4-sp/hard/crtbegin.o
 .jcr           0x00000000200007b8        0x4 /usr/lib/gcc/arm-none-eabi/6.3.1/thumb/v7e-m/fpv4-sp/hard/crtend.o
                0x00000000200007bc                . = ALIGN (0x4)
                0x00000000200007bc                __data_end__ = .
LOAD /usr/lib/gcc/arm-none-eabi/6.3.1/thumb/v7e-m/fpv4-sp/hard/crti.o
LOAD /usr/lib/gcc/arm-none-eabi/6.3.1/thumb/v7e-m/fpv4-sp/hard/crtbegin.o
LOAD /usr/lib/gcc/arm-none-eabi/6.3.1/../../../arm-none-eabi/lib/thumb/v7e-m/fpv4-sp/hard/crt0.o
LOAD _build/nrf52832_xxaa/nrf_log_frontend.c.o
LOAD _build/nrf52832_xxaa/boards.c.o
LOAD _build/nrf52832_xxaa/app_error.c.o
LOAD _build/nrf52832_xxaa/app_error_weak.c.o
LOAD _build/nrf52832_xxaa/app_fifo.c.o
LOAD _build/nrf52832_xxaa/app_uart_fifo.c.o
LOAD _build/nrf52832_xxaa/app_util_platform.c.o
LOAD _build/nrf52832_xxaa/nrf_assert.c.o
LOAD _build/nrf52832_xxaa/nrf_balloc.c.o
LOAD _build/nrf52832_xxaa/nrf_memobj.c.o
LOAD _build/nrf52832_xxaa/nrf_strerror.c.o
LOAD _build/nrf52832_xxaa/retarget.c.o
LOAD _build/nrf52832_xxaa/nrf_drv_common.c.o
LOAD _build/nrf52832_xxaa/nrf_drv_uart.c.o
LOAD _build/nrf52832_xxaa/main.c.o
LOAD _build/nrf52832_xxaa/aes_unmasked.c.o
LOAD _build/nrf52832_xxaa/aes_rp.c.o
LOAD _build/nrf52832_xxaa/aes_share.c.o
LOAD _build/nrf52832_xxaa/aes_htable.c.o
LOAD _build/nrf52832_xxaa/share.c.o
LOAD _build/nrf52832_xxaa/common.c.o
LOAD _build/nrf52832_xxaa/radio_test.c.o
LOAD _build/nrf52832_xxaa/gcc_startup_nrf52.S.o
LOAD _build/nrf52832_xxaa/system_nrf52.c.o
LOAD _build/nrf52832_xxaa/nrf_ecb.c.o
LOAD _build/nrf52832_xxaa/aes.c.o
LOAD /usr/lib/gcc/arm-none-eabi/6.3.1/../../../arm-none-eabi/lib/thumb/v7e-m/fpv4-sp/hard/libc_nano.a
LOAD /usr/lib/gcc/arm-none-eabi/6.3.1/../../../arm-none-eabi/lib/thumb/v7e-m/fpv4-sp/hard/libnosys.a
LOAD /usr/lib/gcc/arm-none-eabi/6.3.1/../../../arm-none-eabi/lib/thumb/v7e-m/fpv4-sp/hard/libm.a
START GROUP
LOAD /usr/lib/gcc/arm-none-eabi/6.3.1/thumb/v7e-m/fpv4-sp/hard/libgcc.a
LOAD /usr/lib/gcc/arm-none-eabi/6.3.1/../../../arm-none-eabi/lib/thumb/v7e-m/fpv4-sp/hard/libg_nano.a
LOAD /usr/lib/gcc/arm-none-eabi/6.3.1/../../../arm-none-eabi/lib/thumb/v7e-m/fpv4-sp/hard/libc_nano.a
END GROUP
START GROUP
LOAD /usr/lib/gcc/arm-none-eabi/6.3.1/thumb/v7e-m/fpv4-sp/hard/libgcc.a
LOAD /usr/lib/gcc/arm-none-eabi/6.3.1/../../../arm-none-eabi/lib/thumb/v7e-m/fpv4-sp/hard/libc_nano.a
END GROUP
LOAD /usr/lib/gcc/arm-none-eabi/6.3.1/thumb/v7e-m/fpv4-sp/hard/crtend.o
LOAD /usr/lib/gcc/arm-none-eabi/6.3.1/thumb/v7e-m/fpv4-sp/hard/crtn.o
START GROUP
LOAD /usr/lib/gcc/arm-none-eabi/6.3.1/thumb/v7e-m/fpv4-sp/hard/libgcc.a
LOAD /usr/lib/gcc/arm-none-eabi/6.3.1/../../../arm-none-eabi/lib/thumb/v7e-m/fpv4-sp/hard/libc.a
LOAD /usr/lib/gcc/arm-none-eabi/6.3.1/../../../arm-none-eabi/lib/thumb/v7e-m/fpv4-sp/hard/libnosys.a
END GROUP

.tm_clone_table
                0x00000000200007bc        0x0 load address 0x000000000000c2f8
 .tm_clone_table
                0x00000000200007bc        0x0 /usr/lib/gcc/arm-none-eabi/6.3.1/thumb/v7e-m/fpv4-sp/hard/crtbegin.o
 .tm_clone_table
                0x00000000200007bc        0x0 /usr/lib/gcc/arm-none-eabi/6.3.1/thumb/v7e-m/fpv4-sp/hard/crtend.o

.igot.plt       0x00000000200007bc        0x0 load address 0x000000000000c2f8
 .igot.plt      0x00000000200007bc        0x0 /usr/lib/gcc/arm-none-eabi/6.3.1/thumb/v7e-m/fpv4-sp/hard/crtbegin.o
                0x00000000200007bc                . = ALIGN (0x4)

.mem_section_dummy_ram

.log_dynamic_data
                0x00000000200007bc        0x0
                [!provide]                        PROVIDE (__start_log_dynamic_data, .)
 *(SORT(.log_dynamic_data*))
                [!provide]                        PROVIDE (__stop_log_dynamic_data, .)

.bss            0x00000000200007bc      0x824 load address 0x000000000000c2f8
                0x00000000200007bc                . = ALIGN (0x4)
                0x00000000200007bc                __bss_start__ = .
 *(.bss*)
 .bss           0x00000000200007bc       0x1c /usr/lib/gcc/arm-none-eabi/6.3.1/thumb/v7e-m/fpv4-sp/hard/crtbegin.o
 .bss.m_event_handler
                0x00000000200007d8        0x4 _build/nrf52832_xxaa/app_uart_fifo.c.o
 .bss.tx_buffer
                0x00000000200007dc        0x1 _build/nrf52832_xxaa/app_uart_fifo.c.o
 *fill*         0x00000000200007dd        0x3 
 .bss.rx_buffer
                0x00000000200007e0        0x1 _build/nrf52832_xxaa/app_uart_fifo.c.o
 .bss.m_rx_ovf  0x00000000200007e1        0x1 _build/nrf52832_xxaa/app_uart_fifo.c.o
 *fill*         0x00000000200007e2        0x2 
 .bss.m_rx_fifo
                0x00000000200007e4       0x10 _build/nrf52832_xxaa/app_uart_fifo.c.o
 .bss.m_tx_fifo
                0x00000000200007f4       0x10 _build/nrf52832_xxaa/app_uart_fifo.c.o
 .bss.m_cb      0x0000000020000804       0x20 _build/nrf52832_xxaa/nrf_drv_uart.c.o
 .bss.txpower_  0x0000000020000824        0x1 _build/nrf52832_xxaa/main.c.o
 *fill*         0x0000000020000825        0x3 
 .bss.channel_start_
                0x0000000020000828        0x4 _build/nrf52832_xxaa/main.c.o
 .bss.ccm_scratch
                0x000000002000082c      0x10f _build/nrf52832_xxaa/main.c.o
 *fill*         0x000000002000093b        0x1 
 .bss.ccm_data_in
                0x000000002000093c      0x100 _build/nrf52832_xxaa/main.c.o
 .bss.ccm_data_out
                0x0000000020000a3c      0x100 _build/nrf52832_xxaa/main.c.o
 .bss.rx_buf.8923
                0x0000000020000b3c        0x1 _build/nrf52832_xxaa/main.c.o
 *fill*         0x0000000020000b3d        0x3 
 .bss.tx_buf.8924
                0x0000000020000b40      0x200 _build/nrf52832_xxaa/main.c.o
 .bss.randcount
                0x0000000020000d40        0x4 _build/nrf52832_xxaa/share.c.o
 .bss.packet    0x0000000020000d44      0x100 _build/nrf52832_xxaa/radio_test.c.o
 .bss.mode_     0x0000000020000e44        0x1 _build/nrf52832_xxaa/radio_test.c.o
 .bss.txpower_  0x0000000020000e45        0x1 _build/nrf52832_xxaa/radio_test.c.o
 .bss.channel_start_
                0x0000000020000e46        0x1 _build/nrf52832_xxaa/radio_test.c.o
 .bss.channel_end_
                0x0000000020000e47        0x1 _build/nrf52832_xxaa/radio_test.c.o
 .bss.channel_  0x0000000020000e48        0x1 _build/nrf52832_xxaa/radio_test.c.o
 .bss.sweep_tx_
                0x0000000020000e49        0x1 _build/nrf52832_xxaa/radio_test.c.o
 *fill*         0x0000000020000e4a        0x2 
 .bss.ecb_data  0x0000000020000e4c       0x30 _build/nrf52832_xxaa/nrf_ecb.c.o
 .bss.ecb_key   0x0000000020000e7c        0x4 _build/nrf52832_xxaa/nrf_ecb.c.o
 .bss.ecb_cleartext
                0x0000000020000e80        0x4 _build/nrf52832_xxaa/nrf_ecb.c.o
 .bss.ecb_ciphertext
                0x0000000020000e84        0x4 _build/nrf52832_xxaa/nrf_ecb.c.o
 .bss.state     0x0000000020000e88        0x4 _build/nrf52832_xxaa/aes.c.o
 .bss.RoundKey  0x0000000020000e8c       0xb0 _build/nrf52832_xxaa/aes.c.o
 .bss.Key       0x0000000020000f3c        0x4 _build/nrf52832_xxaa/aes.c.o
 .bss           0x0000000020000f40        0x8 /usr/lib/gcc/arm-none-eabi/6.3.1/../../../arm-none-eabi/lib/thumb/v7e-m/fpv4-sp/hard/libc_nano.a(lib_a-nano-mallocr.o)
                0x0000000020000f40                __malloc_free_list
                0x0000000020000f44                __malloc_sbrk_start
 .bss           0x0000000020000f48       0x8c /usr/lib/gcc/arm-none-eabi/6.3.1/../../../arm-none-eabi/lib/thumb/v7e-m/fpv4-sp/hard/libc_nano.a(lib_a-__atexit.o)
 .bss           0x0000000020000fd4        0x4 /usr/lib/gcc/arm-none-eabi/6.3.1/../../../arm-none-eabi/lib/thumb/v7e-m/fpv4-sp/hard/libc_nano.a(lib_a-__call_atexit.o)
                0x0000000020000fd4                _global_atexit
 .bss           0x0000000020000fd8        0x4 /usr/lib/gcc/arm-none-eabi/6.3.1/../../../arm-none-eabi/lib/thumb/v7e-m/fpv4-sp/hard/libnosys.a(sbrk.o)
 *(COMMON)
 COMMON         0x0000000020000fdc        0x4 /usr/lib/gcc/arm-none-eabi/6.3.1/../../../arm-none-eabi/lib/thumb/v7e-m/fpv4-sp/hard/libc_nano.a(lib_a-reent.o)
                0x0000000020000fdc                errno
                0x0000000020000fe0                . = ALIGN (0x4)
                0x0000000020000fe0                __bss_end__ = .

.heap           0x0000000020000fe0     0x2000
                0x0000000020000fe0                __HeapBase = .
                0x0000000020000fe0                __end__ = .
                0x0000000020000fe0                PROVIDE (end, .)
 *(.heap*)
 .heap          0x0000000020000fe0     0x2000 _build/nrf52832_xxaa/gcc_startup_nrf52.S.o
                0x0000000020002fe0                __HeapLimit = .

.stack_dummy    0x0000000020000fe0     0x2000
 *(.stack*)
 .stack         0x0000000020000fe0     0x2000 _build/nrf52832_xxaa/gcc_startup_nrf52.S.o
                0x0000000020010000                __StackTop = (ORIGIN (RAM) + LENGTH (RAM))
                0x000000002000e000                __StackLimit = (__StackTop - SIZEOF (.stack_dummy))
                0x0000000020010000                PROVIDE (__stack, __StackTop)
                0x0000000000000001                ASSERT ((__StackLimit >= __HeapLimit), region RAM overflowed with stack)
                0x00000000000007bc                DataInitFlashUsed = (__bss_start__ - __data_start__)
                0x000000000000bb3c                CodeFlashUsed = (__etext - ORIGIN (FLASH))
                0x000000000000c2f8                TotalFlashUsed = (CodeFlashUsed + DataInitFlashUsed)
                0x0000000000000001                ASSERT ((TotalFlashUsed <= LENGTH (FLASH)), region FLASH overflowed with .data and user data)
OUTPUT(_build/nrf52832_xxaa.out elf32-littlearm)

.ARM.attributes
                0x0000000000000000       0x30
 .ARM.attributes
                0x0000000000000000       0x22 /usr/lib/gcc/arm-none-eabi/6.3.1/thumb/v7e-m/fpv4-sp/hard/crti.o
 .ARM.attributes
                0x0000000000000022       0x34 /usr/lib/gcc/arm-none-eabi/6.3.1/thumb/v7e-m/fpv4-sp/hard/crtbegin.o
 .ARM.attributes
                0x0000000000000056       0x20 /usr/lib/gcc/arm-none-eabi/6.3.1/../../../arm-none-eabi/lib/thumb/v7e-m/fpv4-sp/hard/crt0.o
 .ARM.attributes
                0x0000000000000076       0x39 _build/nrf52832_xxaa/boards.c.o
 .ARM.attributes
                0x00000000000000af       0x39 _build/nrf52832_xxaa/app_error.c.o
 .ARM.attributes
                0x00000000000000e8       0x39 _build/nrf52832_xxaa/app_error_weak.c.o
 .ARM.attributes
                0x0000000000000121       0x39 _build/nrf52832_xxaa/app_fifo.c.o
 .ARM.attributes
                0x000000000000015a       0x39 _build/nrf52832_xxaa/app_uart_fifo.c.o
 .ARM.attributes
                0x0000000000000193       0x39 _build/nrf52832_xxaa/retarget.c.o
 .ARM.attributes
                0x00000000000001cc       0x39 _build/nrf52832_xxaa/nrf_drv_common.c.o
 .ARM.attributes
                0x0000000000000205       0x39 _build/nrf52832_xxaa/nrf_drv_uart.c.o
 .ARM.attributes
                0x000000000000023e       0x39 _build/nrf52832_xxaa/main.c.o
 .ARM.attributes
                0x0000000000000277       0x39 _build/nrf52832_xxaa/aes_unmasked.c.o
 .ARM.attributes
                0x00000000000002b0       0x39 _build/nrf52832_xxaa/aes_rp.c.o
 .ARM.attributes
                0x00000000000002e9       0x39 _build/nrf52832_xxaa/aes_share.c.o
 .ARM.attributes
                0x0000000000000322       0x39 _build/nrf52832_xxaa/aes_htable.c.o
 .ARM.attributes
                0x000000000000035b       0x39 _build/nrf52832_xxaa/share.c.o
 .ARM.attributes
                0x0000000000000394       0x39 _build/nrf52832_xxaa/radio_test.c.o
 .ARM.attributes
                0x00000000000003cd       0x20 _build/nrf52832_xxaa/gcc_startup_nrf52.S.o
 .ARM.attributes
                0x00000000000003ed       0x39 _build/nrf52832_xxaa/system_nrf52.c.o
 .ARM.attributes
                0x0000000000000426       0x39 _build/nrf52832_xxaa/nrf_ecb.c.o
 .ARM.attributes
                0x000000000000045f       0x39 _build/nrf52832_xxaa/aes.c.o
 .ARM.attributes
                0x0000000000000498       0x34 /usr/lib/gcc/arm-none-eabi/6.3.1/../../../arm-none-eabi/lib/thumb/v7e-m/fpv4-sp/hard/libc_nano.a(lib_a-atexit.o)
 .ARM.attributes
                0x00000000000004cc       0x34 /usr/lib/gcc/arm-none-eabi/6.3.1/../../../arm-none-eabi/lib/thumb/v7e-m/fpv4-sp/hard/libc_nano.a(lib_a-clock.o)
 .ARM.attributes
                0x0000000000000500       0x34 /usr/lib/gcc/arm-none-eabi/6.3.1/../../../arm-none-eabi/lib/thumb/v7e-m/fpv4-sp/hard/libc_nano.a(lib_a-exit.o)
 .ARM.attributes
                0x0000000000000534       0x34 /usr/lib/gcc/arm-none-eabi/6.3.1/../../../arm-none-eabi/lib/thumb/v7e-m/fpv4-sp/hard/libc_nano.a(lib_a-fini.o)
 .ARM.attributes
                0x0000000000000568       0x34 /usr/lib/gcc/arm-none-eabi/6.3.1/../../../arm-none-eabi/lib/thumb/v7e-m/fpv4-sp/hard/libc_nano.a(lib_a-impure.o)
 .ARM.attributes
                0x000000000000059c       0x34 /usr/lib/gcc/arm-none-eabi/6.3.1/../../../arm-none-eabi/lib/thumb/v7e-m/fpv4-sp/hard/libc_nano.a(lib_a-init.o)
 .ARM.attributes
                0x00000000000005d0       0x34 /usr/lib/gcc/arm-none-eabi/6.3.1/../../../arm-none-eabi/lib/thumb/v7e-m/fpv4-sp/hard/libc_nano.a(lib_a-malloc.o)
 .ARM.attributes
                0x0000000000000604       0x20 /usr/lib/gcc/arm-none-eabi/6.3.1/../../../arm-none-eabi/lib/thumb/v7e-m/fpv4-sp/hard/libc_nano.a(lib_a-memcpy.o)
 .ARM.attributes
                0x0000000000000624       0x34 /usr/lib/gcc/arm-none-eabi/6.3.1/../../../arm-none-eabi/lib/thumb/v7e-m/fpv4-sp/hard/libc_nano.a(lib_a-memset.o)
 .ARM.attributes
                0x0000000000000658       0x34 /usr/lib/gcc/arm-none-eabi/6.3.1/../../../arm-none-eabi/lib/thumb/v7e-m/fpv4-sp/hard/libc_nano.a(lib_a-nano-freer.o)
 .ARM.attributes
                0x000000000000068c       0x34 /usr/lib/gcc/arm-none-eabi/6.3.1/../../../arm-none-eabi/lib/thumb/v7e-m/fpv4-sp/hard/libc_nano.a(lib_a-nano-mallocr.o)
 .ARM.attributes
                0x00000000000006c0       0x34 /usr/lib/gcc/arm-none-eabi/6.3.1/../../../arm-none-eabi/lib/thumb/v7e-m/fpv4-sp/hard/libc_nano.a(lib_a-nano-vfprintf.o)
 .ARM.attributes
                0x00000000000006f4       0x34 /usr/lib/gcc/arm-none-eabi/6.3.1/../../../arm-none-eabi/lib/thumb/v7e-m/fpv4-sp/hard/libc_nano.a(lib_a-nano-vfprintf_i.o)
 .ARM.attributes
                0x0000000000000728       0x34 /usr/lib/gcc/arm-none-eabi/6.3.1/../../../arm-none-eabi/lib/thumb/v7e-m/fpv4-sp/hard/libc_nano.a(lib_a-printf.o)
 .ARM.attributes
                0x000000000000075c       0x34 /usr/lib/gcc/arm-none-eabi/6.3.1/../../../arm-none-eabi/lib/thumb/v7e-m/fpv4-sp/hard/libc_nano.a(lib_a-sbrkr.o)
 .ARM.attributes
                0x0000000000000790       0x34 /usr/lib/gcc/arm-none-eabi/6.3.1/../../../arm-none-eabi/lib/thumb/v7e-m/fpv4-sp/hard/libc_nano.a(lib_a-scanf.o)
 .ARM.attributes
                0x00000000000007c4       0x34 /usr/lib/gcc/arm-none-eabi/6.3.1/../../../arm-none-eabi/lib/thumb/v7e-m/fpv4-sp/hard/libc_nano.a(lib_a-timesr.o)
 .ARM.attributes
                0x00000000000007f8       0x34 /usr/lib/gcc/arm-none-eabi/6.3.1/../../../arm-none-eabi/lib/thumb/v7e-m/fpv4-sp/hard/libc_nano.a(lib_a-wbuf.o)
 .ARM.attributes
                0x000000000000082c       0x34 /usr/lib/gcc/arm-none-eabi/6.3.1/../../../arm-none-eabi/lib/thumb/v7e-m/fpv4-sp/hard/libc_nano.a(lib_a-wsetup.o)
 .ARM.attributes
                0x0000000000000860       0x34 /usr/lib/gcc/arm-none-eabi/6.3.1/../../../arm-none-eabi/lib/thumb/v7e-m/fpv4-sp/hard/libc_nano.a(lib_a-__atexit.o)
 .ARM.attributes
                0x0000000000000894       0x34 /usr/lib/gcc/arm-none-eabi/6.3.1/../../../arm-none-eabi/lib/thumb/v7e-m/fpv4-sp/hard/libc_nano.a(lib_a-__call_atexit.o)
 .ARM.attributes
                0x00000000000008c8       0x34 /usr/lib/gcc/arm-none-eabi/6.3.1/../../../arm-none-eabi/lib/thumb/v7e-m/fpv4-sp/hard/libc_nano.a(lib_a-fflush.o)
 .ARM.attributes
                0x00000000000008fc       0x34 /usr/lib/gcc/arm-none-eabi/6.3.1/../../../arm-none-eabi/lib/thumb/v7e-m/fpv4-sp/hard/libc_nano.a(lib_a-findfp.o)
 .ARM.attributes
                0x0000000000000930       0x34 /usr/lib/gcc/arm-none-eabi/6.3.1/../../../arm-none-eabi/lib/thumb/v7e-m/fpv4-sp/hard/libc_nano.a(lib_a-fvwrite.o)
 .ARM.attributes
                0x0000000000000964       0x34 /usr/lib/gcc/arm-none-eabi/6.3.1/../../../arm-none-eabi/lib/thumb/v7e-m/fpv4-sp/hard/libc_nano.a(lib_a-fwalk.o)
 .ARM.attributes
                0x0000000000000998       0x34 /usr/lib/gcc/arm-none-eabi/6.3.1/../../../arm-none-eabi/lib/thumb/v7e-m/fpv4-sp/hard/libc_nano.a(lib_a-makebuf.o)
 .ARM.attributes
                0x00000000000009cc       0x20 /usr/lib/gcc/arm-none-eabi/6.3.1/../../../arm-none-eabi/lib/thumb/v7e-m/fpv4-sp/hard/libc_nano.a(lib_a-memchr.o)
 .ARM.attributes
                0x00000000000009ec       0x34 /usr/lib/gcc/arm-none-eabi/6.3.1/../../../arm-none-eabi/lib/thumb/v7e-m/fpv4-sp/hard/libc_nano.a(lib_a-memmove.o)
 .ARM.attributes
                0x0000000000000a20       0x34 /usr/lib/gcc/arm-none-eabi/6.3.1/../../../arm-none-eabi/lib/thumb/v7e-m/fpv4-sp/hard/libc_nano.a(lib_a-nano-reallocr.o)
 .ARM.attributes
                0x0000000000000a54       0x34 /usr/lib/gcc/arm-none-eabi/6.3.1/../../../arm-none-eabi/lib/thumb/v7e-m/fpv4-sp/hard/libc_nano.a(lib_a-nano-vfscanf.o)
 .ARM.attributes
                0x0000000000000a88       0x34 /usr/lib/gcc/arm-none-eabi/6.3.1/../../../arm-none-eabi/lib/thumb/v7e-m/fpv4-sp/hard/libc_nano.a(lib_a-nano-vfscanf_i.o)
 .ARM.attributes
                0x0000000000000abc       0x34 /usr/lib/gcc/arm-none-eabi/6.3.1/../../../arm-none-eabi/lib/thumb/v7e-m/fpv4-sp/hard/libc_nano.a(lib_a-reent.o)
 .ARM.attributes
                0x0000000000000af0       0x34 /usr/lib/gcc/arm-none-eabi/6.3.1/../../../arm-none-eabi/lib/thumb/v7e-m/fpv4-sp/hard/libc_nano.a(lib_a-refill.o)
 .ARM.attributes
                0x0000000000000b24       0x34 /usr/lib/gcc/arm-none-eabi/6.3.1/../../../arm-none-eabi/lib/thumb/v7e-m/fpv4-sp/hard/libc_nano.a(lib_a-sccl.o)
 .ARM.attributes
                0x0000000000000b58       0x34 /usr/lib/gcc/arm-none-eabi/6.3.1/../../../arm-none-eabi/lib/thumb/v7e-m/fpv4-sp/hard/libc_nano.a(lib_a-stdio.o)
 .ARM.attributes
                0x0000000000000b8c       0x34 /usr/lib/gcc/arm-none-eabi/6.3.1/../../../arm-none-eabi/lib/thumb/v7e-m/fpv4-sp/hard/libc_nano.a(lib_a-strtol.o)
 .ARM.attributes
                0x0000000000000bc0       0x34 /usr/lib/gcc/arm-none-eabi/6.3.1/../../../arm-none-eabi/lib/thumb/v7e-m/fpv4-sp/hard/libc_nano.a(lib_a-strtoul.o)
 .ARM.attributes
                0x0000000000000bf4       0x34 /usr/lib/gcc/arm-none-eabi/6.3.1/../../../arm-none-eabi/lib/thumb/v7e-m/fpv4-sp/hard/libc_nano.a(lib_a-ungetc.o)
 .ARM.attributes
                0x0000000000000c28       0x34 /usr/lib/gcc/arm-none-eabi/6.3.1/../../../arm-none-eabi/lib/thumb/v7e-m/fpv4-sp/hard/libc_nano.a(lib_a-writer.o)
 .ARM.attributes
                0x0000000000000c5c       0x34 /usr/lib/gcc/arm-none-eabi/6.3.1/../../../arm-none-eabi/lib/thumb/v7e-m/fpv4-sp/hard/libc_nano.a(lib_a-closer.o)
 .ARM.attributes
                0x0000000000000c90       0x34 /usr/lib/gcc/arm-none-eabi/6.3.1/../../../arm-none-eabi/lib/thumb/v7e-m/fpv4-sp/hard/libc_nano.a(lib_a-ctype_.o)
 .ARM.attributes
                0x0000000000000cc4       0x34 /usr/lib/gcc/arm-none-eabi/6.3.1/../../../arm-none-eabi/lib/thumb/v7e-m/fpv4-sp/hard/libc_nano.a(lib_a-fstatr.o)
 .ARM.attributes
                0x0000000000000cf8       0x34 /usr/lib/gcc/arm-none-eabi/6.3.1/../../../arm-none-eabi/lib/thumb/v7e-m/fpv4-sp/hard/libc_nano.a(lib_a-isattyr.o)
 .ARM.attributes
                0x0000000000000d2c       0x34 /usr/lib/gcc/arm-none-eabi/6.3.1/../../../arm-none-eabi/lib/thumb/v7e-m/fpv4-sp/hard/libc_nano.a(lib_a-lseekr.o)
 .ARM.attributes
                0x0000000000000d60       0x34 /usr/lib/gcc/arm-none-eabi/6.3.1/../../../arm-none-eabi/lib/thumb/v7e-m/fpv4-sp/hard/libc_nano.a(lib_a-nano-msizer.o)
 .ARM.attributes
                0x0000000000000d94       0x34 /usr/lib/gcc/arm-none-eabi/6.3.1/../../../arm-none-eabi/lib/thumb/v7e-m/fpv4-sp/hard/libc_nano.a(lib_a-readr.o)
 .ARM.attributes
                0x0000000000000dc8       0x34 /usr/lib/gcc/arm-none-eabi/6.3.1/../../../arm-none-eabi/lib/thumb/v7e-m/fpv4-sp/hard/libnosys.a(close.o)
 .ARM.attributes
                0x0000000000000dfc       0x34 /usr/lib/gcc/arm-none-eabi/6.3.1/../../../arm-none-eabi/lib/thumb/v7e-m/fpv4-sp/hard/libnosys.a(fstat.o)
 .ARM.attributes
                0x0000000000000e30       0x34 /usr/lib/gcc/arm-none-eabi/6.3.1/../../../arm-none-eabi/lib/thumb/v7e-m/fpv4-sp/hard/libnosys.a(isatty.o)
 .ARM.attributes
                0x0000000000000e64       0x34 /usr/lib/gcc/arm-none-eabi/6.3.1/../../../arm-none-eabi/lib/thumb/v7e-m/fpv4-sp/hard/libnosys.a(lseek.o)
 .ARM.attributes
                0x0000000000000e98       0x34 /usr/lib/gcc/arm-none-eabi/6.3.1/../../../arm-none-eabi/lib/thumb/v7e-m/fpv4-sp/hard/libnosys.a(sbrk.o)
 .ARM.attributes
                0x0000000000000ecc       0x34 /usr/lib/gcc/arm-none-eabi/6.3.1/../../../arm-none-eabi/lib/thumb/v7e-m/fpv4-sp/hard/libnosys.a(times.o)
 .ARM.attributes
                0x0000000000000f00       0x34 /usr/lib/gcc/arm-none-eabi/6.3.1/../../../arm-none-eabi/lib/thumb/v7e-m/fpv4-sp/hard/libnosys.a(_exit.o)
 .ARM.attributes
                0x0000000000000f34       0x34 /usr/lib/gcc/arm-none-eabi/6.3.1/thumb/v7e-m/fpv4-sp/hard/crtend.o
 .ARM.attributes
                0x0000000000000f68       0x22 /usr/lib/gcc/arm-none-eabi/6.3.1/thumb/v7e-m/fpv4-sp/hard/crtn.o

.comment        0x0000000000000000       0x31
 .comment       0x0000000000000000       0x31 /usr/lib/gcc/arm-none-eabi/6.3.1/thumb/v7e-m/fpv4-sp/hard/crtbegin.o
                                         0x32 (size before relaxing)
 .comment       0x0000000000000031       0x32 _build/nrf52832_xxaa/boards.c.o
 .comment       0x0000000000000031       0x32 _build/nrf52832_xxaa/app_error.c.o
 .comment       0x0000000000000031       0x32 _build/nrf52832_xxaa/app_error_weak.c.o
 .comment       0x0000000000000031       0x32 _build/nrf52832_xxaa/app_fifo.c.o
 .comment       0x0000000000000031       0x32 _build/nrf52832_xxaa/app_uart_fifo.c.o
 .comment       0x0000000000000031       0x32 _build/nrf52832_xxaa/retarget.c.o
 .comment       0x0000000000000031       0x32 _build/nrf52832_xxaa/nrf_drv_common.c.o
 .comment       0x0000000000000031       0x32 _build/nrf52832_xxaa/nrf_drv_uart.c.o
 .comment       0x0000000000000031       0x32 _build/nrf52832_xxaa/main.c.o
 .comment       0x0000000000000031       0x32 _build/nrf52832_xxaa/aes_unmasked.c.o
 .comment       0x0000000000000031       0x32 _build/nrf52832_xxaa/aes_rp.c.o
 .comment       0x0000000000000031       0x32 _build/nrf52832_xxaa/aes_share.c.o
 .comment       0x0000000000000031       0x32 _build/nrf52832_xxaa/aes_htable.c.o
 .comment       0x0000000000000031       0x32 _build/nrf52832_xxaa/share.c.o
 .comment       0x0000000000000031       0x32 _build/nrf52832_xxaa/radio_test.c.o
 .comment       0x0000000000000031       0x32 _build/nrf52832_xxaa/system_nrf52.c.o
 .comment       0x0000000000000031       0x32 _build/nrf52832_xxaa/nrf_ecb.c.o
 .comment       0x0000000000000031       0x32 _build/nrf52832_xxaa/aes.c.o
 .comment       0x0000000000000031       0x32 /usr/lib/gcc/arm-none-eabi/6.3.1/../../../arm-none-eabi/lib/thumb/v7e-m/fpv4-sp/hard/libc_nano.a(lib_a-atexit.o)
 .comment       0x0000000000000031       0x32 /usr/lib/gcc/arm-none-eabi/6.3.1/../../../arm-none-eabi/lib/thumb/v7e-m/fpv4-sp/hard/libc_nano.a(lib_a-clock.o)
 .comment       0x0000000000000031       0x32 /usr/lib/gcc/arm-none-eabi/6.3.1/../../../arm-none-eabi/lib/thumb/v7e-m/fpv4-sp/hard/libc_nano.a(lib_a-exit.o)
 .comment       0x0000000000000031       0x32 /usr/lib/gcc/arm-none-eabi/6.3.1/../../../arm-none-eabi/lib/thumb/v7e-m/fpv4-sp/hard/libc_nano.a(lib_a-fini.o)
 .comment       0x0000000000000031       0x32 /usr/lib/gcc/arm-none-eabi/6.3.1/../../../arm-none-eabi/lib/thumb/v7e-m/fpv4-sp/hard/libc_nano.a(lib_a-impure.o)
 .comment       0x0000000000000031       0x32 /usr/lib/gcc/arm-none-eabi/6.3.1/../../../arm-none-eabi/lib/thumb/v7e-m/fpv4-sp/hard/libc_nano.a(lib_a-init.o)
 .comment       0x0000000000000031       0x32 /usr/lib/gcc/arm-none-eabi/6.3.1/../../../arm-none-eabi/lib/thumb/v7e-m/fpv4-sp/hard/libc_nano.a(lib_a-malloc.o)
 .comment       0x0000000000000031       0x32 /usr/lib/gcc/arm-none-eabi/6.3.1/../../../arm-none-eabi/lib/thumb/v7e-m/fpv4-sp/hard/libc_nano.a(lib_a-memset.o)
 .comment       0x0000000000000031       0x32 /usr/lib/gcc/arm-none-eabi/6.3.1/../../../arm-none-eabi/lib/thumb/v7e-m/fpv4-sp/hard/libc_nano.a(lib_a-nano-freer.o)
 .comment       0x0000000000000031       0x32 /usr/lib/gcc/arm-none-eabi/6.3.1/../../../arm-none-eabi/lib/thumb/v7e-m/fpv4-sp/hard/libc_nano.a(lib_a-nano-mallocr.o)
 .comment       0x0000000000000031       0x32 /usr/lib/gcc/arm-none-eabi/6.3.1/../../../arm-none-eabi/lib/thumb/v7e-m/fpv4-sp/hard/libc_nano.a(lib_a-nano-vfprintf.o)
 .comment       0x0000000000000031       0x32 /usr/lib/gcc/arm-none-eabi/6.3.1/../../../arm-none-eabi/lib/thumb/v7e-m/fpv4-sp/hard/libc_nano.a(lib_a-nano-vfprintf_i.o)
 .comment       0x0000000000000031       0x32 /usr/lib/gcc/arm-none-eabi/6.3.1/../../../arm-none-eabi/lib/thumb/v7e-m/fpv4-sp/hard/libc_nano.a(lib_a-printf.o)
 .comment       0x0000000000000031       0x32 /usr/lib/gcc/arm-none-eabi/6.3.1/../../../arm-none-eabi/lib/thumb/v7e-m/fpv4-sp/hard/libc_nano.a(lib_a-sbrkr.o)
 .comment       0x0000000000000031       0x32 /usr/lib/gcc/arm-none-eabi/6.3.1/../../../arm-none-eabi/lib/thumb/v7e-m/fpv4-sp/hard/libc_nano.a(lib_a-scanf.o)
 .comment       0x0000000000000031       0x32 /usr/lib/gcc/arm-none-eabi/6.3.1/../../../arm-none-eabi/lib/thumb/v7e-m/fpv4-sp/hard/libc_nano.a(lib_a-timesr.o)
 .comment       0x0000000000000031       0x32 /usr/lib/gcc/arm-none-eabi/6.3.1/../../../arm-none-eabi/lib/thumb/v7e-m/fpv4-sp/hard/libc_nano.a(lib_a-wbuf.o)
 .comment       0x0000000000000031       0x32 /usr/lib/gcc/arm-none-eabi/6.3.1/../../../arm-none-eabi/lib/thumb/v7e-m/fpv4-sp/hard/libc_nano.a(lib_a-wsetup.o)
 .comment       0x0000000000000031       0x32 /usr/lib/gcc/arm-none-eabi/6.3.1/../../../arm-none-eabi/lib/thumb/v7e-m/fpv4-sp/hard/libc_nano.a(lib_a-__atexit.o)
 .comment       0x0000000000000031       0x32 /usr/lib/gcc/arm-none-eabi/6.3.1/../../../arm-none-eabi/lib/thumb/v7e-m/fpv4-sp/hard/libc_nano.a(lib_a-__call_atexit.o)
 .comment       0x0000000000000031       0x32 /usr/lib/gcc/arm-none-eabi/6.3.1/../../../arm-none-eabi/lib/thumb/v7e-m/fpv4-sp/hard/libc_nano.a(lib_a-fflush.o)
 .comment       0x0000000000000031       0x32 /usr/lib/gcc/arm-none-eabi/6.3.1/../../../arm-none-eabi/lib/thumb/v7e-m/fpv4-sp/hard/libc_nano.a(lib_a-findfp.o)
 .comment       0x0000000000000031       0x32 /usr/lib/gcc/arm-none-eabi/6.3.1/../../../arm-none-eabi/lib/thumb/v7e-m/fpv4-sp/hard/libc_nano.a(lib_a-fvwrite.o)
 .comment       0x0000000000000031       0x32 /usr/lib/gcc/arm-none-eabi/6.3.1/../../../arm-none-eabi/lib/thumb/v7e-m/fpv4-sp/hard/libc_nano.a(lib_a-fwalk.o)
 .comment       0x0000000000000031       0x32 /usr/lib/gcc/arm-none-eabi/6.3.1/../../../arm-none-eabi/lib/thumb/v7e-m/fpv4-sp/hard/libc_nano.a(lib_a-makebuf.o)
 .comment       0x0000000000000031       0x32 /usr/lib/gcc/arm-none-eabi/6.3.1/../../../arm-none-eabi/lib/thumb/v7e-m/fpv4-sp/hard/libc_nano.a(lib_a-memmove.o)
 .comment       0x0000000000000031       0x32 /usr/lib/gcc/arm-none-eabi/6.3.1/../../../arm-none-eabi/lib/thumb/v7e-m/fpv4-sp/hard/libc_nano.a(lib_a-nano-reallocr.o)
 .comment       0x0000000000000031       0x32 /usr/lib/gcc/arm-none-eabi/6.3.1/../../../arm-none-eabi/lib/thumb/v7e-m/fpv4-sp/hard/libc_nano.a(lib_a-nano-vfscanf.o)
 .comment       0x0000000000000031       0x32 /usr/lib/gcc/arm-none-eabi/6.3.1/../../../arm-none-eabi/lib/thumb/v7e-m/fpv4-sp/hard/libc_nano.a(lib_a-nano-vfscanf_i.o)
 .comment       0x0000000000000031       0x32 /usr/lib/gcc/arm-none-eabi/6.3.1/../../../arm-none-eabi/lib/thumb/v7e-m/fpv4-sp/hard/libc_nano.a(lib_a-reent.o)
 .comment       0x0000000000000031       0x32 /usr/lib/gcc/arm-none-eabi/6.3.1/../../../arm-none-eabi/lib/thumb/v7e-m/fpv4-sp/hard/libc_nano.a(lib_a-refill.o)
 .comment       0x0000000000000031       0x32 /usr/lib/gcc/arm-none-eabi/6.3.1/../../../arm-none-eabi/lib/thumb/v7e-m/fpv4-sp/hard/libc_nano.a(lib_a-sccl.o)
 .comment       0x0000000000000031       0x32 /usr/lib/gcc/arm-none-eabi/6.3.1/../../../arm-none-eabi/lib/thumb/v7e-m/fpv4-sp/hard/libc_nano.a(lib_a-stdio.o)
 .comment       0x0000000000000031       0x32 /usr/lib/gcc/arm-none-eabi/6.3.1/../../../arm-none-eabi/lib/thumb/v7e-m/fpv4-sp/hard/libc_nano.a(lib_a-strtol.o)
 .comment       0x0000000000000031       0x32 /usr/lib/gcc/arm-none-eabi/6.3.1/../../../arm-none-eabi/lib/thumb/v7e-m/fpv4-sp/hard/libc_nano.a(lib_a-strtoul.o)
 .comment       0x0000000000000031       0x32 /usr/lib/gcc/arm-none-eabi/6.3.1/../../../arm-none-eabi/lib/thumb/v7e-m/fpv4-sp/hard/libc_nano.a(lib_a-ungetc.o)
 .comment       0x0000000000000031       0x32 /usr/lib/gcc/arm-none-eabi/6.3.1/../../../arm-none-eabi/lib/thumb/v7e-m/fpv4-sp/hard/libc_nano.a(lib_a-writer.o)
 .comment       0x0000000000000031       0x32 /usr/lib/gcc/arm-none-eabi/6.3.1/../../../arm-none-eabi/lib/thumb/v7e-m/fpv4-sp/hard/libc_nano.a(lib_a-closer.o)
 .comment       0x0000000000000031       0x32 /usr/lib/gcc/arm-none-eabi/6.3.1/../../../arm-none-eabi/lib/thumb/v7e-m/fpv4-sp/hard/libc_nano.a(lib_a-ctype_.o)
 .comment       0x0000000000000031       0x32 /usr/lib/gcc/arm-none-eabi/6.3.1/../../../arm-none-eabi/lib/thumb/v7e-m/fpv4-sp/hard/libc_nano.a(lib_a-fstatr.o)
 .comment       0x0000000000000031       0x32 /usr/lib/gcc/arm-none-eabi/6.3.1/../../../arm-none-eabi/lib/thumb/v7e-m/fpv4-sp/hard/libc_nano.a(lib_a-isattyr.o)
 .comment       0x0000000000000031       0x32 /usr/lib/gcc/arm-none-eabi/6.3.1/../../../arm-none-eabi/lib/thumb/v7e-m/fpv4-sp/hard/libc_nano.a(lib_a-lseekr.o)
 .comment       0x0000000000000031       0x32 /usr/lib/gcc/arm-none-eabi/6.3.1/../../../arm-none-eabi/lib/thumb/v7e-m/fpv4-sp/hard/libc_nano.a(lib_a-nano-msizer.o)
 .comment       0x0000000000000031       0x32 /usr/lib/gcc/arm-none-eabi/6.3.1/../../../arm-none-eabi/lib/thumb/v7e-m/fpv4-sp/hard/libc_nano.a(lib_a-readr.o)
 .comment       0x0000000000000031       0x32 /usr/lib/gcc/arm-none-eabi/6.3.1/../../../arm-none-eabi/lib/thumb/v7e-m/fpv4-sp/hard/libnosys.a(close.o)
 .comment       0x0000000000000031       0x32 /usr/lib/gcc/arm-none-eabi/6.3.1/../../../arm-none-eabi/lib/thumb/v7e-m/fpv4-sp/hard/libnosys.a(fstat.o)
 .comment       0x0000000000000031       0x32 /usr/lib/gcc/arm-none-eabi/6.3.1/../../../arm-none-eabi/lib/thumb/v7e-m/fpv4-sp/hard/libnosys.a(isatty.o)
 .comment       0x0000000000000031       0x32 /usr/lib/gcc/arm-none-eabi/6.3.1/../../../arm-none-eabi/lib/thumb/v7e-m/fpv4-sp/hard/libnosys.a(lseek.o)
 .comment       0x0000000000000031       0x32 /usr/lib/gcc/arm-none-eabi/6.3.1/../../../arm-none-eabi/lib/thumb/v7e-m/fpv4-sp/hard/libnosys.a(sbrk.o)
 .comment       0x0000000000000031       0x32 /usr/lib/gcc/arm-none-eabi/6.3.1/../../../arm-none-eabi/lib/thumb/v7e-m/fpv4-sp/hard/libnosys.a(times.o)
 .comment       0x0000000000000031       0x32 /usr/lib/gcc/arm-none-eabi/6.3.1/../../../arm-none-eabi/lib/thumb/v7e-m/fpv4-sp/hard/libnosys.a(_exit.o)
 .comment       0x0000000000000031       0x32 /usr/lib/gcc/arm-none-eabi/6.3.1/thumb/v7e-m/fpv4-sp/hard/crtend.o

.debug_line     0x0000000000000000     0xc8d7
 .debug_line    0x0000000000000000       0x84 /usr/lib/gcc/arm-none-eabi/6.3.1/../../../arm-none-eabi/lib/thumb/v7e-m/fpv4-sp/hard/crt0.o
 .debug_line    0x0000000000000084      0x75e _build/nrf52832_xxaa/boards.c.o
 .debug_line    0x00000000000007e2      0x46b _build/nrf52832_xxaa/app_error.c.o
 .debug_line    0x0000000000000c4d      0x724 _build/nrf52832_xxaa/app_error_weak.c.o
 .debug_line    0x0000000000001371      0x56e _build/nrf52832_xxaa/app_fifo.c.o
 .debug_line    0x00000000000018df      0x70b _build/nrf52832_xxaa/app_uart_fifo.c.o
 .debug_line    0x0000000000001fea      0x4ff _build/nrf52832_xxaa/retarget.c.o
 .debug_line    0x00000000000024e9      0x585 _build/nrf52832_xxaa/nrf_drv_common.c.o
 .debug_line    0x0000000000002a6e     0x102a _build/nrf52832_xxaa/nrf_drv_uart.c.o
 .debug_line    0x0000000000003a98      0xf2a _build/nrf52832_xxaa/main.c.o
 .debug_line    0x00000000000049c2      0x51c _build/nrf52832_xxaa/aes_unmasked.c.o
 .debug_line    0x0000000000004ede      0x49d _build/nrf52832_xxaa/aes_rp.c.o
 .debug_line    0x000000000000537b      0x518 _build/nrf52832_xxaa/aes_share.c.o
 .debug_line    0x0000000000005893      0x784 _build/nrf52832_xxaa/aes_htable.c.o
 .debug_line    0x0000000000006017      0x11e _build/nrf52832_xxaa/share.c.o
 .debug_line    0x0000000000006135      0x3d4 _build/nrf52832_xxaa/radio_test.c.o
 .debug_line    0x0000000000006509       0x97 _build/nrf52832_xxaa/gcc_startup_nrf52.S.o
 .debug_line    0x00000000000065a0      0x488 _build/nrf52832_xxaa/system_nrf52.c.o
 .debug_line    0x0000000000006a28      0x3a9 _build/nrf52832_xxaa/nrf_ecb.c.o
 .debug_line    0x0000000000006dd1      0x55b _build/nrf52832_xxaa/aes.c.o
 .debug_line    0x000000000000732c      0x157 /usr/lib/gcc/arm-none-eabi/6.3.1/../../../arm-none-eabi/lib/thumb/v7e-m/fpv4-sp/hard/libc_nano.a(lib_a-atexit.o)
 .debug_line    0x0000000000007483      0x16b /usr/lib/gcc/arm-none-eabi/6.3.1/../../../arm-none-eabi/lib/thumb/v7e-m/fpv4-sp/hard/libc_nano.a(lib_a-clock.o)
 .debug_line    0x00000000000075ee      0x15b /usr/lib/gcc/arm-none-eabi/6.3.1/../../../arm-none-eabi/lib/thumb/v7e-m/fpv4-sp/hard/libc_nano.a(lib_a-exit.o)
 .debug_line    0x0000000000007749       0xa5 /usr/lib/gcc/arm-none-eabi/6.3.1/../../../arm-none-eabi/lib/thumb/v7e-m/fpv4-sp/hard/libc_nano.a(lib_a-fini.o)
 .debug_line    0x00000000000077ee       0xef /usr/lib/gcc/arm-none-eabi/6.3.1/../../../arm-none-eabi/lib/thumb/v7e-m/fpv4-sp/hard/libc_nano.a(lib_a-impure.o)
 .debug_line    0x00000000000078dd       0xbe /usr/lib/gcc/arm-none-eabi/6.3.1/../../../arm-none-eabi/lib/thumb/v7e-m/fpv4-sp/hard/libc_nano.a(lib_a-init.o)
 .debug_line    0x000000000000799b      0x15a /usr/lib/gcc/arm-none-eabi/6.3.1/../../../arm-none-eabi/lib/thumb/v7e-m/fpv4-sp/hard/libc_nano.a(lib_a-malloc.o)
 .debug_line    0x0000000000007af5       0xc1 /usr/lib/gcc/arm-none-eabi/6.3.1/../../../arm-none-eabi/lib/thumb/v7e-m/fpv4-sp/hard/libc_nano.a(lib_a-memcpy.o)
 .debug_line    0x0000000000007bb6      0x17c /usr/lib/gcc/arm-none-eabi/6.3.1/../../../arm-none-eabi/lib/thumb/v7e-m/fpv4-sp/hard/libc_nano.a(lib_a-memset.o)
 .debug_line    0x0000000000007d32      0x165 /usr/lib/gcc/arm-none-eabi/6.3.1/../../../arm-none-eabi/lib/thumb/v7e-m/fpv4-sp/hard/libc_nano.a(lib_a-nano-freer.o)
 .debug_line    0x0000000000007e97      0x1a8 /usr/lib/gcc/arm-none-eabi/6.3.1/../../../arm-none-eabi/lib/thumb/v7e-m/fpv4-sp/hard/libc_nano.a(lib_a-nano-mallocr.o)
 .debug_line    0x000000000000803f      0x362 /usr/lib/gcc/arm-none-eabi/6.3.1/../../../arm-none-eabi/lib/thumb/v7e-m/fpv4-sp/hard/libc_nano.a(lib_a-nano-vfprintf.o)
 .debug_line    0x00000000000083a1      0x3a1 /usr/lib/gcc/arm-none-eabi/6.3.1/../../../arm-none-eabi/lib/thumb/v7e-m/fpv4-sp/hard/libc_nano.a(lib_a-nano-vfprintf_i.o)
 .debug_line    0x0000000000008742      0x1b0 /usr/lib/gcc/arm-none-eabi/6.3.1/../../../arm-none-eabi/lib/thumb/v7e-m/fpv4-sp/hard/libc_nano.a(lib_a-printf.o)
 .debug_line    0x00000000000088f2      0x160 /usr/lib/gcc/arm-none-eabi/6.3.1/../../../arm-none-eabi/lib/thumb/v7e-m/fpv4-sp/hard/libc_nano.a(lib_a-sbrkr.o)
 .debug_line    0x0000000000008a52      0x1af /usr/lib/gcc/arm-none-eabi/6.3.1/../../../arm-none-eabi/lib/thumb/v7e-m/fpv4-sp/hard/libc_nano.a(lib_a-scanf.o)
 .debug_line    0x0000000000008c01      0x169 /usr/lib/gcc/arm-none-eabi/6.3.1/../../../arm-none-eabi/lib/thumb/v7e-m/fpv4-sp/hard/libc_nano.a(lib_a-timesr.o)
 .debug_line    0x0000000000008d6a      0x1e5 /usr/lib/gcc/arm-none-eabi/6.3.1/../../../arm-none-eabi/lib/thumb/v7e-m/fpv4-sp/hard/libc_nano.a(lib_a-wbuf.o)
 .debug_line    0x0000000000008f4f      0x1e5 /usr/lib/gcc/arm-none-eabi/6.3.1/../../../arm-none-eabi/lib/thumb/v7e-m/fpv4-sp/hard/libc_nano.a(lib_a-wsetup.o)
 .debug_line    0x0000000000009134      0x192 /usr/lib/gcc/arm-none-eabi/6.3.1/../../../arm-none-eabi/lib/thumb/v7e-m/fpv4-sp/hard/libc_nano.a(lib_a-__atexit.o)
 .debug_line    0x00000000000092c6      0x1bf /usr/lib/gcc/arm-none-eabi/6.3.1/../../../arm-none-eabi/lib/thumb/v7e-m/fpv4-sp/hard/libc_nano.a(lib_a-__call_atexit.o)
 .debug_line    0x0000000000009485      0x244 /usr/lib/gcc/arm-none-eabi/6.3.1/../../../arm-none-eabi/lib/thumb/v7e-m/fpv4-sp/hard/libc_nano.a(lib_a-fflush.o)
 .debug_line    0x00000000000096c9      0x29e /usr/lib/gcc/arm-none-eabi/6.3.1/../../../arm-none-eabi/lib/thumb/v7e-m/fpv4-sp/hard/libc_nano.a(lib_a-findfp.o)
 .debug_line    0x0000000000009967      0x2c1 /usr/lib/gcc/arm-none-eabi/6.3.1/../../../arm-none-eabi/lib/thumb/v7e-m/fpv4-sp/hard/libc_nano.a(lib_a-fvwrite.o)
 .debug_line    0x0000000000009c28      0x1ca /usr/lib/gcc/arm-none-eabi/6.3.1/../../../arm-none-eabi/lib/thumb/v7e-m/fpv4-sp/hard/libc_nano.a(lib_a-fwalk.o)
 .debug_line    0x0000000000009df2      0x279 /usr/lib/gcc/arm-none-eabi/6.3.1/../../../arm-none-eabi/lib/thumb/v7e-m/fpv4-sp/hard/libc_nano.a(lib_a-makebuf.o)
 .debug_line    0x000000000000a06b       0xa7 /usr/lib/gcc/arm-none-eabi/6.3.1/../../../arm-none-eabi/lib/thumb/v7e-m/fpv4-sp/hard/libc_nano.a(lib_a-memchr.o)
 .debug_line    0x000000000000a112      0x182 /usr/lib/gcc/arm-none-eabi/6.3.1/../../../arm-none-eabi/lib/thumb/v7e-m/fpv4-sp/hard/libc_nano.a(lib_a-memmove.o)
 .debug_line    0x000000000000a294      0x181 /usr/lib/gcc/arm-none-eabi/6.3.1/../../../arm-none-eabi/lib/thumb/v7e-m/fpv4-sp/hard/libc_nano.a(lib_a-nano-reallocr.o)
 .debug_line    0x000000000000a415      0x386 /usr/lib/gcc/arm-none-eabi/6.3.1/../../../arm-none-eabi/lib/thumb/v7e-m/fpv4-sp/hard/libc_nano.a(lib_a-nano-vfscanf.o)
 .debug_line    0x000000000000a79b      0x368 /usr/lib/gcc/arm-none-eabi/6.3.1/../../../arm-none-eabi/lib/thumb/v7e-m/fpv4-sp/hard/libc_nano.a(lib_a-nano-vfscanf_i.o)
 .debug_line    0x000000000000ab03      0x182 /usr/lib/gcc/arm-none-eabi/6.3.1/../../../arm-none-eabi/lib/thumb/v7e-m/fpv4-sp/hard/libc_nano.a(lib_a-reent.o)
 .debug_line    0x000000000000ac85      0x209 /usr/lib/gcc/arm-none-eabi/6.3.1/../../../arm-none-eabi/lib/thumb/v7e-m/fpv4-sp/hard/libc_nano.a(lib_a-refill.o)
 .debug_line    0x000000000000ae8e      0x1b4 /usr/lib/gcc/arm-none-eabi/6.3.1/../../../arm-none-eabi/lib/thumb/v7e-m/fpv4-sp/hard/libc_nano.a(lib_a-sccl.o)
 .debug_line    0x000000000000b042      0x1bb /usr/lib/gcc/arm-none-eabi/6.3.1/../../../arm-none-eabi/lib/thumb/v7e-m/fpv4-sp/hard/libc_nano.a(lib_a-stdio.o)
 .debug_line    0x000000000000b1fd      0x1e2 /usr/lib/gcc/arm-none-eabi/6.3.1/../../../arm-none-eabi/lib/thumb/v7e-m/fpv4-sp/hard/libc_nano.a(lib_a-strtol.o)
 .debug_line    0x000000000000b3df      0x1de /usr/lib/gcc/arm-none-eabi/6.3.1/../../../arm-none-eabi/lib/thumb/v7e-m/fpv4-sp/hard/libc_nano.a(lib_a-strtoul.o)
 .debug_line    0x000000000000b5bd      0x211 /usr/lib/gcc/arm-none-eabi/6.3.1/../../../arm-none-eabi/lib/thumb/v7e-m/fpv4-sp/hard/libc_nano.a(lib_a-ungetc.o)
 .debug_line    0x000000000000b7ce      0x163 /usr/lib/gcc/arm-none-eabi/6.3.1/../../../arm-none-eabi/lib/thumb/v7e-m/fpv4-sp/hard/libc_nano.a(lib_a-writer.o)